Renesas Optimizing Linker (W3.07.00 )             06-Jan-2026 15:13:50

*** Options ***

-subcommand=Linkerrx72m_rsk_lwip_driver_udp_client.tmp
-MAKEUD="C:\Users\Manoj M\Downloads\rx72m_rsk_lwip_driver_udp_client\HardwareDebug/rx72m_rsk_lwip_driver_udp_client_l.ud" 
-noprelink 
-input=".\src\main.obj"
-input=".\src/smc_gen/general\r_cg_hardware_setup.obj"
-input=".\src/smc_gen/general\r_smc_cgc.obj"
-input=".\src/smc_gen/general\r_smc_cgc_user.obj"
-input=".\src/smc_gen/general\r_smc_interrupt.obj"
-input=".\src/smc_gen/r_bsp/board/generic_rx72m\hwsetup.obj"
-input=".\src/smc_gen/r_bsp/mcu/all\dbsct.obj"
-input=".\src/smc_gen/r_bsp/mcu/all\lowlvl.obj"
-input=".\src/smc_gen/r_bsp/mcu/all\lowsrc.obj"
-input=".\src/smc_gen/r_bsp/mcu/all\mcu_locks.obj"
-input=".\src/smc_gen/r_bsp/mcu/all\r_bsp_common.obj"
-input=".\src/smc_gen/r_bsp/mcu/all\r_bsp_cpu.obj"
-input=".\src/smc_gen/r_bsp/mcu/all\r_bsp_interrupts.obj"
-input=".\src/smc_gen/r_bsp/mcu/all\r_bsp_locking.obj"
-input=".\src/smc_gen/r_bsp/mcu/all\r_bsp_mcu_startup.obj"
-input=".\src/smc_gen/r_bsp/mcu/all\r_bsp_software_interrupt.obj"
-input=".\src/smc_gen/r_bsp/mcu/all\r_rx_intrinsic_functions.obj"
-input=".\src/smc_gen/r_bsp/mcu/all\resetprg.obj"
-input=".\src/smc_gen/r_bsp/mcu/all\sbrk.obj"
-input=".\src/smc_gen/r_bsp/mcu/rx72m\mcu_clocks.obj"
-input=".\src/smc_gen/r_bsp/mcu/rx72m\mcu_init.obj"
-input=".\src/smc_gen/r_bsp/mcu/rx72m\mcu_interrupts.obj"
-input=".\src/smc_gen/r_bsp/mcu/rx72m\mcu_mapped_interrupts.obj"
-input=".\src/smc_gen/r_bsp/mcu/rx72m\vecttbl.obj"
-input=".\src/smc_gen/r_cmt_rx/src\r_cmt_rx.obj"
-input=".\src/smc_gen/r_ether_rx/src/phy\phy.obj"
-input=".\src/smc_gen/r_ether_rx/src\r_ether_rx.obj"
-input=".\src/smc_gen/r_ether_rx/src/targets/rx72m\r_ether_setting_rx72m.obj"
-input=".\src/smc_gen/r_lwip_driver_rx/src/arch\sys_arch.obj"
-input=".\src/smc_gen/r_lwip_driver_rx/src\r_lwip_driver_rx_api.obj"
-input=".\src/smc_gen/r_lwip_driver_rx/src\r_lwip_driver_rx_internal.obj"
-input=".\src/smc_gen/r_lwip_rx/src/api\api_lib.obj"
-input=".\src/smc_gen/r_lwip_rx/src/api\api_msg.obj"
-input=".\src/smc_gen/r_lwip_rx/src/api\err.obj"
-input=".\src/smc_gen/r_lwip_rx/src/api\if_api.obj"
-input=".\src/smc_gen/r_lwip_rx/src/api\netbuf.obj"
-input=".\src/smc_gen/r_lwip_rx/src/api\netdb.obj"
-input=".\src/smc_gen/r_lwip_rx/src/api\netifapi.obj"
-input=".\src/smc_gen/r_lwip_rx/src/api\sockets.obj"
-input=".\src/smc_gen/r_lwip_rx/src/api\tcpip.obj"
-input=".\src/smc_gen/r_lwip_rx/src/core\altcp.obj"
-input=".\src/smc_gen/r_lwip_rx/src/core\altcp_alloc.obj"
-input=".\src/smc_gen/r_lwip_rx/src/core\altcp_tcp.obj"
-input=".\src/smc_gen/r_lwip_rx/src/core\def.obj"
-input=".\src/smc_gen/r_lwip_rx/src/core\dns.obj"
-input=".\src/smc_gen/r_lwip_rx/src/core\inet_chksum.obj"
-input=".\src/smc_gen/r_lwip_rx/src/core\init.obj"
-input=".\src/smc_gen/r_lwip_rx/src/core\ip.obj"
-input=".\src/smc_gen/r_lwip_rx/src/core/ipv4\acd.obj"
-input=".\src/smc_gen/r_lwip_rx/src/core/ipv4\autoip.obj"
-input=".\src/smc_gen/r_lwip_rx/src/core/ipv4\dhcp.obj"
-input=".\src/smc_gen/r_lwip_rx/src/core/ipv4\etharp.obj"
-input=".\src/smc_gen/r_lwip_rx/src/core/ipv4\icmp.obj"
-input=".\src/smc_gen/r_lwip_rx/src/core/ipv4\igmp.obj"
-input=".\src/smc_gen/r_lwip_rx/src/core/ipv4\ip4.obj"
-input=".\src/smc_gen/r_lwip_rx/src/core/ipv4\ip4_addr.obj"
-input=".\src/smc_gen/r_lwip_rx/src/core/ipv4\ip4_frag.obj"
-input=".\src/smc_gen/r_lwip_rx/src/core/ipv6\dhcp6.obj"
-input=".\src/smc_gen/r_lwip_rx/src/core/ipv6\ethip6.obj"
-input=".\src/smc_gen/r_lwip_rx/src/core/ipv6\icmp6.obj"
-input=".\src/smc_gen/r_lwip_rx/src/core/ipv6\inet6.obj"
-input=".\src/smc_gen/r_lwip_rx/src/core/ipv6\ip6.obj"
-input=".\src/smc_gen/r_lwip_rx/src/core/ipv6\ip6_addr.obj"
-input=".\src/smc_gen/r_lwip_rx/src/core/ipv6\ip6_frag.obj"
-input=".\src/smc_gen/r_lwip_rx/src/core/ipv6\mld6.obj"
-input=".\src/smc_gen/r_lwip_rx/src/core/ipv6\nd6.obj"
-input=".\src/smc_gen/r_lwip_rx/src/core\mem.obj"
-input=".\src/smc_gen/r_lwip_rx/src/core\memp.obj"
-input=".\src/smc_gen/r_lwip_rx/src/core\netif.obj"
-input=".\src/smc_gen/r_lwip_rx/src/core\pbuf.obj"
-input=".\src/smc_gen/r_lwip_rx/src/core\raw.obj"
-input=".\src/smc_gen/r_lwip_rx/src/core\stats.obj"
-input=".\src/smc_gen/r_lwip_rx/src/core\sys.obj"
-input=".\src/smc_gen/r_lwip_rx/src/core\tcp.obj"
-input=".\src/smc_gen/r_lwip_rx/src/core\tcp_in.obj"
-input=".\src/smc_gen/r_lwip_rx/src/core\tcp_out.obj"
-input=".\src/smc_gen/r_lwip_rx/src/core\timeouts.obj"
-input=".\src/smc_gen/r_lwip_rx/src/core\udp.obj"
-input=".\src/smc_gen/r_lwip_rx/src/netif\bridgeif.obj"
-input=".\src/smc_gen/r_lwip_rx/src/netif\bridgeif_fdb.obj"
-input=".\src/smc_gen/r_lwip_rx/src/netif\ethernet.obj"
-input=".\src/smc_gen/r_lwip_rx/src/netif\lowpan6.obj"
-input=".\src/smc_gen/r_lwip_rx/src/netif\lowpan6_ble.obj"
-input=".\src/smc_gen/r_lwip_rx/src/netif\lowpan6_common.obj"
-input=".\src/smc_gen/r_lwip_rx/src/netif/ppp\auth.obj"
-input=".\src/smc_gen/r_lwip_rx/src/netif/ppp\ccp.obj"
-input=".\src/smc_gen/r_lwip_rx/src/netif/ppp\chap-md5.obj"
-input=".\src/smc_gen/r_lwip_rx/src/netif/ppp\chap-new.obj"
-input=".\src/smc_gen/r_lwip_rx/src/netif/ppp\chap_ms.obj"
-input=".\src/smc_gen/r_lwip_rx/src/netif/ppp\demand.obj"
-input=".\src/smc_gen/r_lwip_rx/src/netif/ppp\eap.obj"
-input=".\src/smc_gen/r_lwip_rx/src/netif/ppp\ecp.obj"
-input=".\src/smc_gen/r_lwip_rx/src/netif/ppp\eui64.obj"
-input=".\src/smc_gen/r_lwip_rx/src/netif/ppp\fsm.obj"
-input=".\src/smc_gen/r_lwip_rx/src/netif/ppp\ipcp.obj"
-input=".\src/smc_gen/r_lwip_rx/src/netif/ppp\ipv6cp.obj"
-input=".\src/smc_gen/r_lwip_rx/src/netif/ppp\lcp.obj"
-input=".\src/smc_gen/r_lwip_rx/src/netif/ppp\magic.obj"
-input=".\src/smc_gen/r_lwip_rx/src/netif/ppp\mppe.obj"
-input=".\src/smc_gen/r_lwip_rx/src/netif/ppp\multilink.obj"
-input=".\src/smc_gen/r_lwip_rx/src/netif/ppp/polarssl\arc4.obj"
-input=".\src/smc_gen/r_lwip_rx/src/netif/ppp/polarssl\des.obj"
-input=".\src/smc_gen/r_lwip_rx/src/netif/ppp/polarssl\md4.obj"
-input=".\src/smc_gen/r_lwip_rx/src/netif/ppp/polarssl\md5.obj"
-input=".\src/smc_gen/r_lwip_rx/src/netif/ppp/polarssl\sha1.obj"
-input=".\src/smc_gen/r_lwip_rx/src/netif/ppp\ppp.obj"
-input=".\src/smc_gen/r_lwip_rx/src/netif/ppp\pppapi.obj"
-input=".\src/smc_gen/r_lwip_rx/src/netif/ppp\pppcrypt.obj"
-input=".\src/smc_gen/r_lwip_rx/src/netif/ppp\pppoe.obj"
-input=".\src/smc_gen/r_lwip_rx/src/netif/ppp\pppol2tp.obj"
-input=".\src/smc_gen/r_lwip_rx/src/netif/ppp\pppos.obj"
-input=".\src/smc_gen/r_lwip_rx/src/netif/ppp\upap.obj"
-input=".\src/smc_gen/r_lwip_rx/src/netif/ppp\utils.obj"
-input=".\src/smc_gen/r_lwip_rx/src/netif/ppp\vj.obj"
-input=".\src/smc_gen/r_lwip_rx/src/netif\zepif.obj"
-input=".\src/smc_gen/r_pincfg\Pin.obj"
-input=".\src/smc_gen/r_pincfg\r_ether_rx_pinset.obj"
-library=".\rx72m_rsk_lwip_driver_udp_client.lib"
-output="rx72m_rsk_lwip_driver_udp_client.abs" 
-form=absolute 
-nomessage 
-vect=_undefined_interrupt_source_isr 
-list 
-show=symbol 
-nooptimize 
-start=SU,SI,B_1,R_1,B_2,R_2,B,R,B_8,R_8/04,B_ETHERNET_BUFFERS*,B_RX_DESC*,B_TX_DESC*,BEXRAM_1,REXRAM_1,BEXRAM_2,REXRAM_2,BEXRAM,REXRAM,BEXRAM_8,REXRAM_8/0800000,PResetPRG,C_1,C_2,C,C_8,C$*,D*,W*,L,P/0FFC00000,EXCEPTVECT/0FFFFFF80,RESETVECT/0FFFFFFFC 
-rom=D=R,D_1=R_1,D_2=R_2,D_8=R_8,DEXRAM=REXRAM,DEXRAM_1=REXRAM_1,DEXRAM_2=REXRAM_2,DEXRAM_8=REXRAM_8 
-cpu=RAM=00000000-0007ffff,FIX=00080000-00083fff,FIX=00086000-00087fff,FIX=00088000-0009ffff,FIX=000a0000-000a3fff,RAM=000a4000-000a5fff,FIX=000a6000-000bffff,FIX=000c0000-000dffff,FIX=000e0000-000fffff,ROM=00100000-00107fff,FIX=007fc000-007fcfff,FIX=007fe000-007fffff,RAM=00800000-0087ffff,RAM=00ff8000-00ffffff,RAM=fe7f5d00-fe7f5d7f,RAM=fe7f7d70-fe7f7d9f,ROM=ffc00000-ffffffff 
-nologo

*** Error information ***

*** Mapping List ***

SECTION                            START      END         SIZE   ALIGN
SU
                                  00000004  00001003      1000   4
SI
                                  00001004  00002003      1000   4
B_1
                                  00002004  0000e2ca      c2c7   1
R_1
                                  0000e2cb  0000e70b       441   1
B_2
                                  0000e70c  0000e725        1a   2
R_2
                                  0000e726  0000e72d         8   2
B
                                  0000e730  00010ddb      26ac   4
R
                                  00010ddc  00011067       28c   4
B_8
                                  00011068  00011068         0   1
R_8
                                  00011068  00011077        10   8
B_ETHERNET_BUFFERS_1
                                  00800000  00805fff      6000   1
B_RX_DESC_1
                                  00806000  0080607f        80   1
B_TX_DESC_1
                                  00806080  008060ff        80   1
BEXRAM_1
                                  00806100  00806100         0   1
REXRAM_1
                                  00806100  00806100         0   1
BEXRAM_2
                                  00806100  00806100         0   1
REXRAM_2
                                  00806100  00806100         0   1
BEXRAM
                                  00806100  00806100         0   1
REXRAM
                                  00806100  00806100         0   1
BEXRAM_8
                                  00806100  00806100         0   1
REXRAM_8
                                  00806100  00806100         0   1
$ADDR_C_FE7F5D00
                                  fe7f5d00  fe7f5d0b         c   1
$ADDR_C_FE7F5D10
                                  fe7f5d10  fe7f5d13         4   1
$ADDR_C_FE7F5D20
                                  fe7f5d20  fe7f5d23         4   1
$ADDR_C_FE7F5D40
                                  fe7f5d40  fe7f5d43         4   1
$ADDR_C_FE7F5D48
                                  fe7f5d48  fe7f5d4b         4   1
$ADDR_C_FE7F5D50
                                  fe7f5d50  fe7f5d5f        10   1
$ADDR_C_FE7F5D64
                                  fe7f5d64  fe7f5d67         4   1
$ADDR_C_FE7F5D70
                                  fe7f5d70  fe7f5d73         4   1
PResetPRG
                                  ffc00000  ffc00068        69   1
C_1
                                  ffc00069  ffc002fe       296   1
C_2
                                  ffc00300  ffc00507       208   2
C
                                  ffc00508  ffc006cb       1c4   4
C_8
                                  ffc006d0  ffc00717        48   8
C$DSEC
                                  ffc00718  ffc00777        60   4
C$BSEC
                                  ffc00778  ffc007b7        40   4
C$VECT
                                  ffc007b8  ffc00bb7       400   4
D
                                  ffc00bb8  ffc00e43       28c   4
D_2
                                  ffc00e44  ffc00e4b         8   2
D_1
                                  ffc00e4c  ffc0128c       441   1
DEXRAM
                                  ffc0128d  ffc0128d         0   1
DEXRAM_1
                                  ffc0128d  ffc0128d         0   1
DEXRAM_2
                                  ffc0128d  ffc0128d         0   1
DEXRAM_8
                                  ffc0128d  ffc0128d         0   1
D_8
                                  ffc01290  ffc0129f        10   8
W
                                  ffc012a0  ffc012a0         0   4
W_1
                                  ffc012a0  ffc012b7        18   1
W_2
                                  ffc012b8  ffc012b8         0   2
L
                                  ffc012b8  ffc03840      2589   4
P
                                  ffc03841  ffc1a1f1     169b1   1
EXCEPTVECT
                                  ffffff80  fffffffb        7c   4
RESETVECT
                                  fffffffc  ffffffff         4   4

*** Symbol List ***

SECTION=
FILE=                               START        END    SIZE
  SYMBOL                            ADDR        SIZE    INFO      COUNTS  OPT

SECTION=SU
FILE=.\src\smc_gen\r_bsp\mcu\all\resetprg.obj
                                  00000004  00001003      1000

SECTION=SI
FILE=.\src\smc_gen\r_bsp\mcu\all\resetprg.obj
                                  00001004  00002003      1000

SECTION=B_1
FILE=.\src\main.obj
                                  00002004  000023ec       3e9
  _g_udp_data
                                  00002004       3e8   data ,g         * 
  _err
                                  000023ec         1   data ,g         * 
FILE=.\src\smc_gen\r_bsp\mcu\all\lowsrc.obj
                                  000023ed  00002414        28
  _flmod
                                  000023ed        14   data ,g         * 
  _sml_buf
                                  00002401        14   data ,g         * 
FILE=.\src\smc_gen\r_ether_rx\src\r_ether_rx.obj
                                  00002415  00002432        1e
  _padding_insert_position
                                  00002415         2   data ,l         * 
  _padding_insert_size
                                  00002417         2   data ,l         * 
  _transfer_enable_flag
                                  00002419         2   data ,l         * 
  _mpd_flag
                                  0000241b         2   data ,l         * 
  _mac_addr_buf
                                  0000241d         c   data ,l         * 
  _lchng_flag
                                  00002429         2   data ,l         * 
  _mc_filter_flag
                                  0000242b         2   data ,l         * 
  _promiscuous_mode
                                  0000242d         2   data ,l         * 
  _etherc_edmac_power_cont
                                  0000242f         4   data ,l         * 
FILE=.\src\smc_gen\r_lwip_rx\src\core\ipv4\etharp.obj
                                  00002433  00002433         1
  _etharp_cached_entry
                                  00002433         1   data ,l         * 
FILE=.\src\smc_gen\r_lwip_rx\src\core\ipv4\ip4_addr.obj
                                  00002434  00002443        10
  _str$1
                                  00002434        10   data ,l         * 
FILE=.\src\smc_gen\r_lwip_rx\src\core\mem.obj
                                  00002444  00007456      5013
  _ram_heap
                                  00002444      5013   data ,g         * 
FILE=.\src\smc_gen\r_lwip_rx\src\core\memp.obj
                                  00007457  0000e2c4      6e6e
  _memp_memory_UDP_PCB_base
                                  00007457        f3   data ,g         * 
  _memp_memory_TCP_PCB_base
                                  0000754a       61b   data ,g         * 
  _memp_memory_TCP_PCB_LISTEN_base
                                  00007b65        a3   data ,g         * 
  _memp_memory_TCP_SEG_base
                                  00007c08       103   data ,g         * 
  _memp_memory_REASSDATA_base
                                  00007d0b        a3   data ,g         * 
  _memp_memory_FRAG_PBUF_base
                                  00007dae       16b   data ,g         * 
  _memp_memory_IGMP_GROUP_base
                                  00007f19        83   data ,g         * 
  _memp_memory_SYS_TIMEOUT_base
                                  00007f9c        43   data ,g         * 
  _memp_memory_PBUF_base
                                  00007fdf       323   data ,g         * 
  _memp_memory_PBUF_POOL_base
                                  00008302      5fc3   data ,g         * 
FILE=.\src\smc_gen\r_lwip_rx\src\core\netif.obj
                                  0000e2c5  0000e2c5         1
  _netif_num
                                  0000e2c5         1   data ,l         * 
FILE=.\src\smc_gen\r_lwip_rx\src\core\tcp.obj
                                  0000e2c6  0000e2c8         3
  _tcp_active_pcbs_changed
                                  0000e2c6         1   data ,g         * 
  _tcp_timer
                                  0000e2c7         1   data ,l         * 
  _tcp_timer_ctr
                                  0000e2c8         1   data ,l         * 
FILE=.\src\smc_gen\r_lwip_rx\src\core\tcp_in.obj
                                  0000e2c9  0000e2ca         2
  _flags
                                  0000e2c9         1   data ,l         * 
  _recv_flags
                                  0000e2ca         1   data ,l         * 

SECTION=R_1
FILE=.\src\main.obj
                                  0000e2cb  0000e6b3       3e9
  _data_received
                                  0000e2cb         1   data ,g         * 
  _data
                                  0000e2cc       3e8   data ,g         * 
FILE=.\src\smc_gen\r_ether_rx\src\r_ether_rx.obj
                                  0000e6b4  0000e6b6         3
  _is_entry
                                  0000e6b4         1   data ,l         * 
  _pause_frame_enable
                                  0000e6b5         2   data ,l         * 
FILE=.\src\smc_gen\r_lwip_driver_rx\src\r_lwip_driver_rx_internal.obj
                                  0000e6b7  0000e6ba         4
  _g_link_change
                                  0000e6b7         2   data ,g         * 
  _g_link_status
                                  0000e6b9         2   data ,g         * 
FILE=xfiles
                                  0000e6bb  0000e70a        50
  _ebuf
                                  0000e6bb        50   data ,l         * 
FILE=xstate
                                  0000e70b  0000e70b         1
  __Mbcurmax
                                  0000e70b         1   data ,g         * 

SECTION=B_2
FILE=.\src\smc_gen\r_bsp\mcu\all\r_bsp_cpu.obj
                                  0000e70c  0000e713         8
  _s_protect_counters
                                  0000e70c         8   data ,l         * 
FILE=.\src\smc_gen\r_ether_rx\src\phy\phy.obj
                                  0000e714  0000e717         4
  _local_advertise
                                  0000e714         4   data ,l         * 
FILE=.\src\smc_gen\r_lwip_rx\src\core\ipv4\ip4.obj
                                  0000e718  0000e719         2
  _ip_id
                                  0000e718         2   data ,l         * 
FILE=.\src\smc_gen\r_lwip_rx\src\core\ipv4\ip4_frag.obj
                                  0000e71a  0000e71b         2
  _ip_reass_pbufcount
                                  0000e71a         2   data ,l         * 
FILE=.\src\smc_gen\r_lwip_rx\src\core\tcp_in.obj
                                  0000e71c  0000e725         a
  _tcphdr_optlen
                                  0000e71c         2   data ,l         * 
  _tcphdr_opt1len
                                  0000e71e         2   data ,l         * 
  _tcp_optidx
                                  0000e720         2   data ,l         * 
  _recv_acked
                                  0000e722         2   data ,l         * 
  _tcplen
                                  0000e724         2   data ,l         * 

SECTION=R_2
FILE=.\src\main.obj
                                  0000e726  0000e727         2
  _g_udp_len
                                  0000e726         2   data ,g         * 
FILE=.\src\smc_gen\r_lwip_driver_rx\src\r_lwip_driver_rx_api.obj
                                  0000e728  0000e729         2
  _g_timer_set_ms
                                  0000e728         2   data ,g         * 
FILE=.\src\smc_gen\r_lwip_rx\src\core\tcp.obj
                                  0000e72a  0000e72b         2
  _tcp_port
                                  0000e72a         2   data ,l         * 
FILE=.\src\smc_gen\r_lwip_rx\src\core\udp.obj
                                  0000e72c  0000e72d         2
  _udp_port
                                  0000e72c         2   data ,l         * 

SECTION=B
FILE=.\src\main.obj
                                  0000e730  0000e7b7        88
  _s_netif
                                  0000e730        38   data ,l         * 
  _s_netif_2
                                  0000e768        38   data ,l         * 
  _res
                                  0000e7a0         4   data ,g         * 
  _ipaddr
                                  0000e7a4         4   data ,g         * 
  _netmask
                                  0000e7a8         4   data ,g         * 
  _gw
                                  0000e7ac         4   data ,g         * 
  _DestIPaddr1
                                  0000e7b0         4   data ,g         * 
  _DestIPaddr2
                                  0000e7b4         4   data ,g         * 
FILE=.\src\smc_gen\r_bsp\mcu\all\lowsrc.obj
                                  0000e7b8  0000e807        50
  __Files
                                  0000e7b8        50   data ,g         * 
FILE=.\src\smc_gen\r_bsp\mcu\all\mcu_locks.obj
                                  0000e808  0000ea27       220
  _g_bsp_Locks
                                  0000e808       220   data ,g         * 
FILE=.\src\smc_gen\r_bsp\mcu\all\r_bsp_interrupts.obj
                                  0000ea28  0000ebff       1d8
  _g_bsp_vectors
                                  0000ea28       1d8   data ,l         * 
FILE=.\src\smc_gen\r_bsp\mcu\all\sbrk.obj
                                  0000ec00  00010c03      2004
  __s1ptr
                                  0000ec00         4   data ,g         * 
  _s_heap_area
                                  0000ec04      2000   data ,l         * 
FILE=.\src\smc_gen\r_cmt_rx\src\r_cmt_rx.obj
                                  00010c04  00010c23        20
  _g_cmt_modes
                                  00010c04        10   data ,l         * 
  _g_cmt_callbacks
                                  00010c14        10   data ,l         * 
FILE=.\src\smc_gen\r_ether_rx\src\r_ether_rx.obj
                                  00010c24  00010c37        14
  _cb_func
                                  00010c24         c   data ,l         * 
  _bc_filter_count
                                  00010c30         8   data ,l         * 
FILE=.\src\smc_gen\r_lwip_rx\src\core\ip.obj
                                  00010c38  00010c4f        18
  _ip_data
                                  00010c38        18   data ,g         * 
FILE=.\src\smc_gen\r_lwip_rx\src\core\ipv4\etharp.obj
                                  00010c50  00010d3f        f0
  _arp_table
                                  00010c50        f0   data ,l         * 
FILE=.\src\smc_gen\r_lwip_rx\src\core\ipv4\igmp.obj
                                  00010d40  00010d47         8
  _allsystems
                                  00010d40         4   data ,l         * 
  _allrouters
                                  00010d44         4   data ,l         * 
FILE=.\src\smc_gen\r_lwip_rx\src\core\ipv4\ip4.obj
                                  00010d48  00010d4b         4
  _ip4_default_multicast_netif
                                  00010d48         4   data ,l         * 
FILE=.\src\smc_gen\r_lwip_rx\src\core\ipv4\ip4_frag.obj
                                  00010d4c  00010d4f         4
  _reassdatagrams
                                  00010d4c         4   data ,l         * 
FILE=.\src\smc_gen\r_lwip_rx\src\core\mem.obj
                                  00010d50  00010d5b         c
  _ram
                                  00010d50         4   data ,l         * 
  _ram_end
                                  00010d54         4   data ,l         * 
  _lfree
                                  00010d58         4   data ,l         * 
FILE=.\src\smc_gen\r_lwip_rx\src\core\memp.obj
                                  00010d5c  00010d83        28
  _memp_tab_UDP_PCB
                                  00010d5c         4   data ,l         * 
  _memp_tab_TCP_PCB
                                  00010d60         4   data ,l         * 
  _memp_tab_TCP_PCB_LISTEN
                                  00010d64         4   data ,l         * 
  _memp_tab_TCP_SEG
                                  00010d68         4   data ,l         * 
  _memp_tab_REASSDATA
                                  00010d6c         4   data ,l         * 
  _memp_tab_FRAG_PBUF
                                  00010d70         4   data ,l         * 
  _memp_tab_IGMP_GROUP
                                  00010d74         4   data ,l         * 
  _memp_tab_SYS_TIMEOUT
                                  00010d78         4   data ,l         * 
  _memp_tab_PBUF
                                  00010d7c         4   data ,l         * 
  _memp_tab_PBUF_POOL
                                  00010d80         4   data ,l         * 
FILE=.\src\smc_gen\r_lwip_rx\src\core\netif.obj
                                  00010d84  00010d8b         8
  _netif_list
                                  00010d84         4   data ,g         * 
  _netif_default
                                  00010d88         4   data ,g         * 
FILE=.\src\smc_gen\r_lwip_rx\src\core\tcp.obj
                                  00010d8c  00010d9f        14
  _tcp_ticks
                                  00010d8c         4   data ,g         * 
  _tcp_bound_pcbs
                                  00010d90         4   data ,g         * 
  _tcp_listen_pcbs
                                  00010d94         4   data ,g         * 
  _tcp_active_pcbs
                                  00010d98         4   data ,g         * 
  _tcp_tw_pcbs
                                  00010d9c         4   data ,g         * 
FILE=.\src\smc_gen\r_lwip_rx\src\core\tcp_in.obj
                                  00010da0  00010dc7        28
  _inseg
                                  00010da0        10   data ,l         * 
  _tcphdr
                                  00010db0         4   data ,l         * 
  _tcphdr_opt2
                                  00010db4         4   data ,l         * 
  _seqno
                                  00010db8         4   data ,l         * 
  _ackno
                                  00010dbc         4   data ,l         * 
  _recv_data
                                  00010dc0         4   data ,l         * 
  _tcp_input_pcb
                                  00010dc4         4   data ,g         * 
FILE=.\src\smc_gen\r_lwip_rx\src\core\timeouts.obj
                                  00010dc8  00010dd3         c
  _next_timeout
                                  00010dc8         4   data ,l         * 
  _current_timeout_due_time
                                  00010dcc         4   data ,l         * 
  _tcpip_tcp_timer_active
                                  00010dd0         4   data ,l         * 
FILE=.\src\smc_gen\r_lwip_rx\src\core\udp.obj
                                  00010dd4  00010dd7         4
  _udp_pcbs
                                  00010dd4         4   data ,g         * 
FILE=_errno
                                  00010dd8  00010ddb         4
  __errno
                                  00010dd8         4   data ,g         * 

SECTION=R
FILE=.\src\main.obj
                                  00010ddc  00010df3        18
  _s_ethernet_link_timer
                                  00010ddc         4   data ,l         * 
  _cmt_ch
                                  00010de0         4   data ,g         * 
  _upcb
                                  00010de4         4   data ,g         * 
  _upcb2
                                  00010de8         4   data ,g         * 
  _timer_count2
                                  00010dec         4   data ,g         * 
  _p
                                  00010df0         4   data ,g         * 
FILE=.\src\smc_gen\r_bsp\mcu\all\lowsrc.obj
                                  00010df4  00010e07        14
  _env_list
                                  00010df4        10   data ,g         * 
  _environ
                                  00010e04         4   data ,g         * 
FILE=.\src\smc_gen\r_bsp\mcu\all\sbrk.obj
                                  00010e08  00010e0b         4
  _sp_brk
                                  00010e08         4   data ,l         * 
FILE=.\src\smc_gen\r_ether_rx\src\r_ether_rx.obj
                                  00010e0c  00010e1b        10
  _papp_rx_desc
                                  00010e0c         8   data ,l         * 
  _papp_tx_desc
                                  00010e14         8   data ,l         * 
FILE=.\src\smc_gen\r_lwip_driver_rx\src\r_lwip_driver_rx_api.obj
                                  00010e1c  00010e23         8
  _g_lwip_driver_open
                                  00010e1c         4   data ,g         * 
  _g_timer_count
                                  00010e20         4   data ,g         * 
FILE=.\src\smc_gen\r_lwip_rx\src\core\tcp.obj
                                  00010e24  00010e27         4
  _iss$1
                                  00010e24         4   data ,l         * 
FILE=xfiles
                                  00010e28  00010eff        d8
  __Stdin
                                  00010e28        48   data ,g         * 
  __Stdout
                                  00010e70        48   data ,g         * 
  __Stderr
                                  00010eb8        48   data ,g         * 
FILE=xctype
                                  00010f00  00010f07         8
  __Ctype
                                  00010f00         4   data ,g         * 
  __Tls_setup__Ctype
                                  00010f04         4   data ,g         * 
FILE=xprintf
                                  00010f08  00010f0b         4
  _stderr
                                  00010f08         4   data ,g         * 
FILE=_rnext
                                  00010f0c  00010f0f         4
  __rnext
                                  00010f0c         4   data ,g         * 
FILE=malloc
                                  00010f10  00010f17         8
  __Aldata
                                  00010f10         8   data ,g         * 
FILE=xstate
                                  00010f18  00010f5f        48
  __Tls_setup__Mbcurmax
                                  00010f18         4   data ,g         * 
  __Mbstate
                                  00010f1c        40   data ,g         * 
  __Tls_setup__Mbstate
                                  00010f5c         4   data ,g         * 
FILE=localeco
                                  00010f60  00010fb3        54
  __Locale
                                  00010f60        50   data ,g         * 
  __Tls_setup__Locale
                                  00010fb0         4   data ,g         * 
FILE=xwcstate
                                  00010fb4  00010ff7        44
  __Wcstate
                                  00010fb4        40   data ,g         * 
  __Tls_setup__Wcstate
                                  00010ff4         4   data ,g         * 
FILE=xvalues
                                  00010ff8  00011067        70
  __Denorm
                                  00010ff8        10   data ,g         * 
  __Eps
                                  00011008        10   data ,g         * 
  __Hugeval
                                  00011018        10   data ,g         * 
  __Inf
                                  00011028        10   data ,g         * 
  __Nan
                                  00011038        10   data ,g         * 
  __Snan
                                  00011048        10   data ,g         * 
  __Rteps
                                  00011058        10   data ,g         * 

SECTION=R_8
FILE=xvalues
                                  00011068  00011077        10
  __Xbig
                                  00011068         8   data ,g         * 
  __Zero
                                  00011070         8   data ,g         * 

SECTION=B_ETHERNET_BUFFERS_1
FILE=.\src\smc_gen\r_ether_rx\src\r_ether_rx.obj
                                  00800000  00805fff      6000
  _ether_buffers
                                  00800000      6000   data ,l         * 

SECTION=B_RX_DESC_1
FILE=.\src\smc_gen\r_ether_rx\src\r_ether_rx.obj
                                  00806000  0080607f        80
  _rx_descriptors
                                  00806000        80   data ,l         * 

SECTION=B_TX_DESC_1
FILE=.\src\smc_gen\r_ether_rx\src\r_ether_rx.obj
                                  00806080  008060ff        80
  _tx_descriptors
                                  00806080        80   data ,l         * 

SECTION=$ADDR_C_FE7F5D00
FILE=.\src\smc_gen\r_bsp\mcu\rx72m\vecttbl.obj
                                  fe7f5d00  fe7f5d0b         c
  ___MDEreg
                                  fe7f5d00         4   data ,g         * 
  ___OFS0reg
                                  fe7f5d04         4   data ,g         * 
  ___OFS1reg
                                  fe7f5d08         4   data ,g         * 

SECTION=$ADDR_C_FE7F5D10
FILE=.\src\smc_gen\r_bsp\mcu\rx72m\vecttbl.obj
                                  fe7f5d10  fe7f5d13         4
  ___TMINFreg
                                  fe7f5d10         4   data ,g         * 

SECTION=$ADDR_C_FE7F5D20
FILE=.\src\smc_gen\r_bsp\mcu\rx72m\vecttbl.obj
                                  fe7f5d20  fe7f5d23         4
  ___BANKSELreg
                                  fe7f5d20         4   data ,g         * 

SECTION=$ADDR_C_FE7F5D40
FILE=.\src\smc_gen\r_bsp\mcu\rx72m\vecttbl.obj
                                  fe7f5d40  fe7f5d43         4
  ___SPCCreg
                                  fe7f5d40         4   data ,g         * 

SECTION=$ADDR_C_FE7F5D48
FILE=.\src\smc_gen\r_bsp\mcu\rx72m\vecttbl.obj
                                  fe7f5d48  fe7f5d4b         4
  ___TMEFreg
                                  fe7f5d48         4   data ,g         * 

SECTION=$ADDR_C_FE7F5D50
FILE=.\src\smc_gen\r_bsp\mcu\rx72m\vecttbl.obj
                                  fe7f5d50  fe7f5d5f        10
  ___OSIS1reg
                                  fe7f5d50         4   data ,g         * 
  ___OSIS2reg
                                  fe7f5d54         4   data ,g         * 
  ___OSIS3reg
                                  fe7f5d58         4   data ,g         * 
  ___OSIS4reg
                                  fe7f5d5c         4   data ,g         * 

SECTION=$ADDR_C_FE7F5D64
FILE=.\src\smc_gen\r_bsp\mcu\rx72m\vecttbl.obj
                                  fe7f5d64  fe7f5d67         4
  ___FAWreg
                                  fe7f5d64         4   data ,g         * 

SECTION=$ADDR_C_FE7F5D70
FILE=.\src\smc_gen\r_bsp\mcu\rx72m\vecttbl.obj
                                  fe7f5d70  fe7f5d73         4
  ___ROMCODEreg
                                  fe7f5d70         4   data ,g         * 

SECTION=PResetPRG
FILE=.\src\smc_gen\r_bsp\mcu\all\resetprg.obj
                                  ffc00000  ffc00068        69
  _PowerON_Reset_PC
                                  ffc00000        69   entry,g         * 

SECTION=C_1
FILE=.\src\smc_gen\r_ether_rx\src\r_ether_rx.obj
                                  ffc00069  ffc0010c        a4
  _pause_resolution
                                  ffc00069        50   data ,l         * 
  _ether_ch_0
                                  ffc000b9        22   data ,l         * 
  _ether_ch_1
                                  ffc000db        22   data ,l         * 
  _g_eth_control_ch
                                  ffc000fd        10   data ,g         * 
FILE=.\src\smc_gen\r_lwip_rx\src\core\tcp.obj
                                  ffc0010d  ffc00120        14
  _tcp_backoff
                                  ffc0010d         d   data ,l         * 
  _tcp_persist_backoff
                                  ffc0011a         7   data ,l         * 
FILE=.\src\smc_gen\r_lwip_rx\src\netif\ethernet.obj
                                  ffc00121  ffc0012c         c
  _ethbroadcast
                                  ffc00121         6   data ,g         * 
  _ethzero
                                  ffc00127         6   data ,g         * 
FILE=xprintf
                                  ffc0012d  ffc00136         a
  _fchar$1
                                  ffc0012d         a   data ,l         * 
FILE=xputtxt
                                  ffc00137  ffc001db        a5
  _spaces
                                  ffc00137        21   data ,l         * 
  _zeroes
                                  ffc00158        21   data ,l         * 
  _asterisk
                                  ffc00179        21   data ,l         * 
  _plus
                                  ffc0019a        21   data ,l         * 
  _minus
                                  ffc001bb        21   data ,l         * 
FILE=_ctype
                                  ffc001dc  ffc002db       100
  __ctype
                                  ffc001dc       100   data ,g         * 
FILE=xlitob
                                  ffc002dc  ffc002fd        22
  _ldigs
                                  ffc002dc        11   data ,l         * 
  _udigs
                                  ffc002ed        11   data ,l         * 
FILE=localeco
                                  ffc002fe  ffc002fe         1
  _null
                                  ffc002fe         1   data ,l         * 

SECTION=C_2
FILE=.\src\smc_gen\r_bsp\mcu\all\r_bsp_cpu.obj
                                  ffc00300  ffc00305         6
  _s_prcr_masks
                                  ffc00300         6   data ,l         * 
FILE=xctype
                                  ffc00306  ffc00507       202
  _ctyp_tab
                                  ffc00306       202   data ,l         * 

SECTION=C
FILE=.\src\smc_gen\r_bsp\mcu\all\dbsct.obj
                                  ffc00508  ffc00523        1c
  __CTBL
                                  ffc00508        1c   data ,g         * 
FILE=.\src\smc_gen\r_cmt_rx\src\r_cmt_rx.obj
                                  ffc00524  ffc00543        20
  _g_cmt_channels
                                  ffc00524        10   data ,l         * 
  _g_cmt_clock_dividers
                                  ffc00534        10   data ,l         * 
FILE=.\src\smc_gen\r_ether_rx\src\r_ether_rx.obj
                                  ffc00544  ffc0054b         8
  _ether_phy_access
                                  ffc00544         8   data ,l         * 
FILE=.\src\smc_gen\r_lwip_rx\src\core\ipv4\ip4_addr.obj
                                  ffc0054c  ffc00553         8
  _ip_addr_any
                                  ffc0054c         4   data ,g         * 
  _ip_addr_broadcast
                                  ffc00550         4   data ,g         * 
FILE=.\src\smc_gen\r_lwip_rx\src\core\memp.obj
                                  ffc00554  ffc005f3        a0
  _memp_UDP_PCB
                                  ffc00554         c   data ,g         * 
  _memp_TCP_PCB
                                  ffc00560         c   data ,g         * 
  _memp_TCP_PCB_LISTEN
                                  ffc0056c         c   data ,g         * 
  _memp_TCP_SEG
                                  ffc00578         c   data ,g         * 
  _memp_REASSDATA
                                  ffc00584         c   data ,g         * 
  _memp_FRAG_PBUF
                                  ffc00590         c   data ,g         * 
  _memp_IGMP_GROUP
                                  ffc0059c         c   data ,g         * 
  _memp_SYS_TIMEOUT
                                  ffc005a8         c   data ,g         * 
  _memp_PBUF
                                  ffc005b4         c   data ,g         * 
  _memp_PBUF_POOL
                                  ffc005c0         c   data ,g         * 
  _memp_pools
                                  ffc005cc        28   data ,g         * 
FILE=.\src\smc_gen\r_lwip_rx\src\core\tcp.obj
                                  ffc005f4  ffc0062f        3c
  _tcp_state_str
                                  ffc005f4        2c   data ,l         * 
  _tcp_pcb_lists
                                  ffc00620        10   data ,g         * 
FILE=.\src\smc_gen\r_lwip_rx\src\core\timeouts.obj
                                  ffc00630  ffc00653        24
  _lwip_cyclic_timers
                                  ffc00630        20   data ,g         * 
  _lwip_num_cyclic_timers
                                  ffc00650         4   data ,g         * 
FILE=_nfiles
                                  ffc00654  ffc00657         4
  __nfiles
                                  ffc00654         4   data ,g         * 
FILE=xfoprep
                                  ffc00658  ffc0069f        48
  _init$1
                                  ffc00658        48   data ,l         * 
FILE=xprintf
                                  ffc006a0  ffc006b7        18
  _fbit$2
                                  ffc006a0        18   data ,l         * 
FILE=xfopen
                                  ffc006b8  ffc006c7        10
  _rwacc$1
                                  ffc006b8        10   data ,l         * 
FILE=_sbrk_si
                                  ffc006c8  ffc006cb         4
  __sbrk_size
                                  ffc006c8         4   data ,g         * 

SECTION=C_8
FILE=xldtob
                                  ffc006d0  ffc00717        48
  _pows
                                  ffc006d0        48   data ,l         * 

SECTION=C$DSEC
FILE=.\src\smc_gen\r_bsp\mcu\all\dbsct.obj
                                  ffc00718  ffc00777        60
  __DTBL
                                  ffc00718        60   data ,g         * 

SECTION=C$BSEC
FILE=.\src\smc_gen\r_bsp\mcu\all\dbsct.obj
                                  ffc00778  ffc007b7        40
  __BTBL
                                  ffc00778        40   data ,g         * 

SECTION=C$VECT
FILE=.\src\smc_gen\r_bsp\mcu\all\resetprg.obj
                                  ffc007b8  ffc00bb7       400

SECTION=D
FILE=.\src\main.obj
                                  ffc00bb8  ffc00bcf        18
FILE=.\src\smc_gen\r_bsp\mcu\all\lowsrc.obj
                                  ffc00bd0  ffc00be3        14
FILE=.\src\smc_gen\r_bsp\mcu\all\sbrk.obj
                                  ffc00be4  ffc00be7         4
FILE=.\src\smc_gen\r_ether_rx\src\r_ether_rx.obj
                                  ffc00be8  ffc00bf7        10
FILE=.\src\smc_gen\r_lwip_driver_rx\src\r_lwip_driver_rx_api.obj
                                  ffc00bf8  ffc00bff         8
FILE=.\src\smc_gen\r_lwip_rx\src\core\tcp.obj
                                  ffc00c00  ffc00c03         4
FILE=xfiles
                                  ffc00c04  ffc00cdb        d8
FILE=xctype
                                  ffc00cdc  ffc00ce3         8
FILE=xprintf
                                  ffc00ce4  ffc00ce7         4
FILE=_rnext
                                  ffc00ce8  ffc00ceb         4
FILE=malloc
                                  ffc00cec  ffc00cf3         8
FILE=xstate
                                  ffc00cf4  ffc00d3b        48
FILE=localeco
                                  ffc00d3c  ffc00d8f        54
FILE=xwcstate
                                  ffc00d90  ffc00dd3        44
FILE=xvalues
                                  ffc00dd4  ffc00e43        70

SECTION=D_2
FILE=.\src\main.obj
                                  ffc00e44  ffc00e45         2
FILE=.\src\smc_gen\r_lwip_driver_rx\src\r_lwip_driver_rx_api.obj
                                  ffc00e46  ffc00e47         2
FILE=.\src\smc_gen\r_lwip_rx\src\core\tcp.obj
                                  ffc00e48  ffc00e49         2
FILE=.\src\smc_gen\r_lwip_rx\src\core\udp.obj
                                  ffc00e4a  ffc00e4b         2

SECTION=D_1
FILE=.\src\main.obj
                                  ffc00e4c  ffc01234       3e9
FILE=.\src\smc_gen\r_ether_rx\src\r_ether_rx.obj
                                  ffc01235  ffc01237         3
FILE=.\src\smc_gen\r_lwip_driver_rx\src\r_lwip_driver_rx_internal.obj
                                  ffc01238  ffc0123b         4
FILE=xfiles
                                  ffc0123c  ffc0128b        50
FILE=xstate
                                  ffc0128c  ffc0128c         1

SECTION=D_8
FILE=xvalues
                                  ffc01290  ffc0129f        10

SECTION=W_1
FILE=.\src\smc_gen\r_bsp\mcu\all\r_bsp_cpu.obj
                                  ffc012a0  ffc012af        10
FILE=.\src\smc_gen\r_ether_rx\src\r_ether_rx.obj
                                  ffc012b0  ffc012b7         8

SECTION=L
FILE=.\src\main.obj
                                  ffc012b8  ffc01305        4e
FILE=.\src\smc_gen\r_bsp\mcu\all\dbsct.obj
                                  ffc01308  ffc0130b         4
  _deadSpace
                                  ffc01308         4   data ,g         * 
FILE=.\src\smc_gen\r_bsp\mcu\all\lowsrc.obj
                                  ffc0130c  ffc0134d        42
FILE=.\src\smc_gen\r_bsp\mcu\rx72m\mcu_clocks.obj
                                  ffc01350  ffc0135b         c
FILE=.\src\smc_gen\r_lwip_driver_rx\src\r_lwip_driver_rx_api.obj
                                  ffc0135c  ffc013f4        99
FILE=.\src\smc_gen\r_lwip_driver_rx\src\r_lwip_driver_rx_internal.obj
                                  ffc013f8  ffc0148b        94
FILE=.\src\smc_gen\r_lwip_rx\src\core\inet_chksum.obj
                                  ffc0148c  ffc014ed        62
FILE=.\src\smc_gen\r_lwip_rx\src\core\init.obj
                                  ffc014f0  ffc015c1        d2
FILE=.\src\smc_gen\r_lwip_rx\src\core\ipv4\etharp.obj
                                  ffc015c4  ffc0181b       258
FILE=.\src\smc_gen\r_lwip_rx\src\core\ipv4\icmp.obj
                                  ffc0181c  ffc01902        e7
FILE=.\src\smc_gen\r_lwip_rx\src\core\ipv4\igmp.obj
                                  ffc01904  ffc01a06       103
FILE=.\src\smc_gen\r_lwip_rx\src\core\ipv4\ip4.obj
                                  ffc01a08  ffc01a95        8e
FILE=.\src\smc_gen\r_lwip_rx\src\core\ipv4\ip4_addr.obj
                                  ffc01a98  ffc01afb        64
FILE=.\src\smc_gen\r_lwip_rx\src\core\ipv4\ip4_frag.obj
                                  ffc01afc  ffc01d0e       213
FILE=.\src\smc_gen\r_lwip_rx\src\core\mem.obj
                                  ffc01d10  ffc01f7c       26d
FILE=.\src\smc_gen\r_lwip_rx\src\core\memp.obj
                                  ffc01f80  ffc02025        a6
FILE=.\src\smc_gen\r_lwip_rx\src\core\netif.obj
                                  ffc02028  ffc02123        fc
FILE=.\src\smc_gen\r_lwip_rx\src\core\pbuf.obj
                                  ffc02124  ffc0240d       2ea
FILE=.\src\smc_gen\r_lwip_rx\src\core\tcp.obj
                                  ffc02410  ffc0297b       56c
FILE=.\src\smc_gen\r_lwip_rx\src\core\tcp_in.obj
                                  ffc0297c  ffc02d59       3de
FILE=.\src\smc_gen\r_lwip_rx\src\core\tcp_out.obj
                                  ffc02d5c  ffc03504       7a9
FILE=.\src\smc_gen\r_lwip_rx\src\core\timeouts.obj
                                  ffc03508  ffc035e1        da
FILE=.\src\smc_gen\r_lwip_rx\src\core\udp.obj
                                  ffc035e4  ffc036f4       111
FILE=.\src\smc_gen\r_lwip_rx\src\netif\bridgeif_fdb.obj
                                  ffc036f8  ffc0377a        83
FILE=.\src\smc_gen\r_lwip_rx\src\netif\ethernet.obj
                                  ffc0377c  ffc03802        87
FILE=xprintf
                                  ffc03804  ffc0380a         7
FILE=xldtob
                                  ffc0380c  ffc0382d        22
FILE=xgenld
                                  ffc03830  ffc03831         2
FILE=localeco
                                  ffc03834  ffc03840         d

SECTION=P
FILE=.\src\main.obj
                                  ffc03841  ffc03dc6       586
  _Ethernet_Link_Periodic_Handle
                                  ffc03841        34   func ,g         * 
  _udp_receive_callback
                                  ffc03875        4d   func ,g         * 
  _main
                                  ffc038c2         4   func ,g         * 
  _r_lwip_driver_low_level_init_2
                                  ffc038c6        a2   func ,l         * 
  _r_lwip_driver_ethernetif_init_2
                                  ffc03968        71   func ,l         * 
  _udp_socketlayer_init
                                  ffc039d9       111   func ,g         * 
  _udp_layer_close
                                  ffc03aea         9   func ,g         * 
  _udp_bind_eth
                                  ffc03af3       120   func ,g         * 
  _Get_value_from_buffer
                                  ffc03c13        5d   func ,g         * 
  _udp_receive_eth
                                  ffc03c70        19   func ,g         * 
  _udp_send_eth
                                  ffc03c89        f5   func ,g         * 
  _main_scheduler
                                  ffc03d7e        49   func ,g         * 
FILE=.\src\smc_gen\general\r_cg_hardware_setup.obj
                                  ffc03dc7  ffc03e12        4c
  _r_undefined_exception
                                  ffc03dc7         1   func ,g         * 
  _R_Systeminit
                                  ffc03dc8        4b   func ,g         * 
FILE=.\src\smc_gen\general\r_smc_cgc.obj
                                  ffc03e13  ffc03e47        35
  _R_CGC_Create
                                  ffc03e13        35   func ,g         * 
FILE=.\src\smc_gen\general\r_smc_cgc_user.obj
                                  ffc03e48  ffc03e48         1
  _R_CGC_Create_UserInit
                                  ffc03e48         1   func ,g         * 
FILE=.\src\smc_gen\general\r_smc_interrupt.obj
                                  ffc03e49  ffc03e6a        22
  _R_Interrupt_Create
                                  ffc03e49        22   func ,g         * 
FILE=.\src\smc_gen\r_bsp\board\generic_rx72m\hwsetup.obj
                                  ffc03e6b  ffc03f49        df
  _hardware_setup
                                  ffc03e6b        17   func ,g         * 
  _rom_cache_function_set
                                  ffc03e82        11   func ,l         * 
  _output_ports_configure
                                  ffc03e93         2   func ,l         * 
  _interrupts_configure
                                  ffc03e95         2   func ,l         * 
  _peripheral_modules_enable
                                  ffc03e97         5   func ,l         * 
  _bsp_adc_initial_configure
                                  ffc03e9c        6c   func ,l         * 
  _bsp_bsc_initial_configure
                                  ffc03f08        42   func ,l         * 
FILE=.\src\smc_gen\r_bsp\mcu\all\lowlvl.obj
                                  ffc03f4a  ffc03f83        3a
  _charput
                                  ffc03f4a        1d   func ,g         * 
  _charget
                                  ffc03f67        1d   func ,g         * 
FILE=.\src\smc_gen\r_bsp\mcu\all\lowsrc.obj
                                  ffc03f84  ffc04269       2e6
  _init_iolib
                                  ffc03f84        e8   func ,g         * 
  _close_all
                                  ffc0406c        3e   func ,g         * 
  _open
                                  ffc040aa        a7   func ,g         * 
  _close
                                  ffc04151         b   func ,g         * 
  _write
                                  ffc0415c        8c   func ,g         * 
  _read
                                  ffc041e8        71   func ,g         * 
  _lseek
                                  ffc04259        11   func ,g         * 
FILE=.\src\smc_gen\r_bsp\mcu\all\r_bsp_common.obj
                                  ffc0426a  ffc04398       12f
  _R_BSP_GetVersion
                                  ffc0426a         e   func ,g         * 
  _R_BSP_GetIClkFreqHz
                                  ffc04278         a   func ,g         * 
  _R_BSP_SoftwareDelay
                                  ffc04282       117   func ,g         * 
FILE=.\src\smc_gen\r_bsp\mcu\all\r_bsp_cpu.obj
                                  ffc04399  ffc045ad       215
  _R_BSP_InterruptsDisable
                                  ffc04399        17   func ,g         * 
  _R_BSP_InterruptsEnable
                                  ffc043b0        17   func ,g         * 
  _R_BSP_CpuInterruptLevelRead
                                  ffc043c7        1d   func ,g         * 
  _R_BSP_CpuInterruptLevelWrite
                                  ffc043e4        84   func ,g         * 
  _R_BSP_RegisterProtectEnable
                                  ffc04468        84   func ,g         * 
  _R_BSP_RegisterProtectDisable
                                  ffc044ec        6c   func ,g         * 
  _R_BSP_SoftwareReset
                                  ffc04558        11   func ,g         * 
  _bsp_register_protect_open
                                  ffc04569        22   func ,g         * 
  _bsp_ram_initialize
                                  ffc0458b        23   func ,g         * 
FILE=.\src\smc_gen\r_bsp\mcu\all\r_bsp_interrupts.obj
                                  ffc045ae  ffc04fcb       a1e
  _R_BSP_InterruptRequestEnable
                                  ffc045ae        21   func ,g         * 
  _R_BSP_InterruptRequestDisable
                                  ffc045cf        21   func ,g         * 
  _bsp_interrupt_open
                                  ffc045f0        2b   func ,g         * 
  _R_BSP_InterruptWrite
                                  ffc0461b        77   func ,g         * 
  _R_BSP_InterruptRead
                                  ffc04692        51   func ,g         * 
  _R_BSP_InterruptControl
                                  ffc046e3        ea   func ,g         * 
  _bsp_fit_interrupts_control
                                  ffc047cd        77   func ,l         * 
  _bsp_gr_int_enable_disable
                                  ffc04844       425   func ,l         * 
  _excep_supervisor_inst_isr
                                  ffc04c69        17   func ,g         * 
  _excep_access_isr
                                  ffc04c80        17   func ,g         * 
  _excep_undefined_inst_isr
                                  ffc04c97        17   func ,g         * 
  _excep_floating_point_isr
                                  ffc04cae        29   func ,g         * 
  _excep_address_isr
                                  ffc04cd7        17   func ,g         * 
  _non_maskable_isr
                                  ffc04cee       2a9   func ,g         * 
  _undefined_interrupt_source_isr
                                  ffc04f97        17   func ,g         * 
  _bus_error_isr
                                  ffc04fae        1e   func ,g         * 
FILE=.\src\smc_gen\r_bsp\mcu\all\r_bsp_locking.obj
                                  ffc04fcc  ffc05030        65
  _R_BSP_SoftwareLock
                                  ffc04fcc        27   func ,g         * 
  _R_BSP_SoftwareUnlock
                                  ffc04ff3         e   func ,g         * 
  _R_BSP_HardwareLock
                                  ffc05001        18   func ,g         * 
  _R_BSP_HardwareUnlock
                                  ffc05019        18   func ,g         * 
FILE=.\src\smc_gen\r_bsp\mcu\all\r_rx_intrinsic_functions.obj
                                  ffc05031  ffc05152       122
  _R_BSP_ChangeToUserMode
                                  ffc05031        20   func ,g         * 
  _R_BSP_SetBPSW
                                  ffc05051         4   func ,g         * 
  _R_BSP_GetBPSW
                                  ffc05055        13   func ,g         * 
  _R_BSP_SetBPC
                                  ffc05068         4   func ,g         * 
  _R_BSP_GetBPC
                                  ffc0506c        13   func ,g         * 
  _R_BSP_SetEXTB
                                  ffc0507f         4   func ,g         * 
  _R_BSP_GetEXTB
                                  ffc05083        13   func ,g         * 
  _R_BSP_MoveToAccHiLong
                                  ffc05096         4   func ,g         * 
  _R_BSP_MoveToAccLoLong
                                  ffc0509a         4   func ,g         * 
  _R_BSP_MoveFromAccHiLong
                                  ffc0509e        13   func ,g         * 
  _R_BSP_MoveFromAccMiLong
                                  ffc050b1        13   func ,g         * 
  _R_BSP_BitSet
                                  ffc050c4         4   func ,g         * 
  _R_BSP_BitClear
                                  ffc050c8         4   func ,g         * 
  _R_BSP_BitReverse
                                  ffc050cc         4   func ,g         * 
  _R_BSP_SetDPSW
                                  ffc050d0         5   func ,g         * 
  _R_BSP_GetDPSW
                                  ffc050d5        14   func ,g         * 
  _R_BSP_SetDECNT
                                  ffc050e9         5   func ,g         * 
  _R_BSP_GetDECNT
                                  ffc050ee        14   func ,g         * 
  _R_BSP_GetDEPC
                                  ffc05102        14   func ,g         * 
  _R_BSP_InitTFU
                                  ffc05116        10   func ,g         * 
  _R_BSP_CalcSine_Cosine
                                  ffc05126        11   func ,g         * 
  _R_BSP_CalcAtan_SquareRoot
                                  ffc05137        1c   func ,g         * 
FILE=.\src\smc_gen\r_bsp\mcu\all\sbrk.obj
                                  ffc05153  ffc0518e        3c
  _sbrk
                                  ffc05153        3c   func ,g         * 
FILE=.\src\smc_gen\r_bsp\mcu\rx72m\mcu_clocks.obj
                                  ffc0518f  ffc05695       507
  _get_iclk_freq_hz
                                  ffc0518f        dd   func ,g         * 
  _mcu_clock_setup
                                  ffc0526c         4   func ,g         * 
  _operating_frequency_set
                                  ffc05270        ec   func ,l         * 
  _clock_source_select
                                  ffc0535c       33a   func ,l         * 
FILE=.\src\smc_gen\r_bsp\mcu\rx72m\mcu_init.obj
                                  ffc05696  ffc05752        bd
  _bsp_non_existent_port_init
                                  ffc05696        bd   func ,g         * 
FILE=.\src\smc_gen\r_bsp\mcu\rx72m\mcu_interrupts.obj
                                  ffc05753  ffc063d1       c7f
  _bsp_interrupt_enable_disable
                                  ffc05753       143   func ,g         * 
  _group_bl0_handler_isr
                                  ffc05896       351   func ,l         * 
  _group_bl1_handler_isr
                                  ffc05be7       2ba   func ,l         * 
  _group_bl2_handler_isr
                                  ffc05ea1       146   func ,l         * 
  _group_al0_handler_isr
                                  ffc05fe7       1ff   func ,l         * 
  _group_al1_handler_isr
                                  ffc061e6       126   func ,l         * 
  _group_ie0_handler_isr
                                  ffc0630c        39   func ,l         * 
  _group_be0_handler_isr
                                  ffc06345        8d   func ,l         * 
FILE=.\src\smc_gen\r_bsp\mcu\rx72m\mcu_mapped_interrupts.obj
                                  ffc063d2  ffc06851       480
  _bsp_mapped_interrupt_open
                                  ffc063d2       480   func ,g         * 
FILE=.\src\smc_gen\r_cmt_rx\src\r_cmt_rx.obj
                                  ffc06852  ffc072d1       a80
  _R_CMT_CreatePeriodic
                                  ffc06852        1a   func ,g         * 
  _R_CMT_CreatePeriodicAssignChannelPriority
                                  ffc0686c        24   func ,g         * 
  _R_CMT_CreateOneShot
                                  ffc06890        22   func ,g         * 
  _R_CMT_CreateOneShotAssignChannelPriority
                                  ffc068b2        2c   func ,g         * 
  _R_CMT_Stop
                                  ffc068de        37   func ,g         * 
  _R_CMT_Control
                                  ffc06915       2e4   func ,g         * 
  _cmt_create
                                  ffc06bf9        74   func ,l         * 
  _cmt_create_priority
                                  ffc06c6d        a0   func ,l         * 
  _cmt_lock_state
                                  ffc06d0d        12   func ,l         * 
  _cmt_unlock_state
                                  ffc06d1f         7   func ,l         * 
  _cmt_find_channel
                                  ffc06d26        37   func ,l         * 
  _power_on
                                  ffc06d5d        a4   func ,l         * 
  _power_off
                                  ffc06e01        d7   func ,l         * 
  _cmt_counter_start
                                  ffc06ed8        f2   func ,l         * 
  _cmt_counter_start_priority
                                  ffc06fca       102   func ,l         * 
  _cmt_counter_stop
                                  ffc070cc        d3   func ,l         * 
  _cmt_setup_channel
                                  ffc0719f        92   func ,l         * 
  _R_CMT_GetVersion
                                  ffc07231         e   func ,g         * 
  _cmt_isr_common
                                  ffc0723f        57   func ,l         * 
  _cmt0_isr
                                  ffc07296         f   func ,l         * 
  _cmt1_isr
                                  ffc072a5         f   func ,l         * 
  _cmt2_isr
                                  ffc072b4         f   func ,l         * 
  _cmt3_isr
                                  ffc072c3         f   func ,l         * 
FILE=.\src\smc_gen\r_ether_rx\src\phy\phy.obj
                                  ffc072d2  ffc0781c       54b
  _phy_init
                                  ffc072d2        79   func ,g         * 
  _phy_start_autonegotiate
                                  ffc0734b        53   func ,g         * 
  _phy_set_autonegotiate
                                  ffc0739e        e7   func ,g         * 
  _phy_get_link_status
                                  ffc07485        2d   func ,g         * 
  _phy_read
                                  ffc074b2        2e   func ,g         * 
  _phy_write
                                  ffc074e0        29   func ,g         * 
  _phy_preamble
                                  ffc07509        1c   func ,l         * 
  _phy_reg_set
                                  ffc07525        82   func ,l         * 
  _phy_reg_read
                                  ffc075a7        a3   func ,l         * 
  _phy_reg_write
                                  ffc0764a        2d   func ,l         * 
  _phy_trans_zto0
                                  ffc07677        6d   func ,l         * 
  _phy_trans_1to0
                                  ffc076e4         e   func ,l         * 
  _phy_mii_write1
                                  ffc076f2        6d   func ,l         * 
  _phy_mii_write0
                                  ffc0775f        6d   func ,l         * 
  _phy_get_pir_address
                                  ffc077cc        51   func ,l         * 
FILE=.\src\smc_gen\r_ether_rx\src\r_ether_rx.obj
                                  ffc0781d  ffc08f83      1767
  _R_ETHER_Initial
                                  ffc0781d        a7   func ,g         * 
  _R_ETHER_Open_ZC2
                                  ffc078c4       1bb   func ,g         * 
  _R_ETHER_Close_ZC2
                                  ffc07a7f        91   func ,g         * 
  _R_ETHER_Read_ZC2
                                  ffc07b10       12e   func ,g         * 
  _R_ETHER_Read_ZC2_BufRelease
                                  ffc07c3e       108   func ,g         * 
  _R_ETHER_Write_ZC2_GetBuf
                                  ffc07d46        ba   func ,g         * 
  _R_ETHER_Write_ZC2_SetBuf
                                  ffc07e00        e6   func ,g         * 
  _R_ETHER_CheckLink_ZC
                                  ffc07ee6        29   func ,g         * 
  _R_ETHER_LinkProcess
                                  ffc07f0f       224   func ,g         * 
  _R_ETHER_WakeOnLAN
                                  ffc08133        91   func ,g         * 
  _R_ETHER_Read
                                  ffc081c4        65   func ,g         * 
  _R_ETHER_Write
                                  ffc08229        9a   func ,g         * 
  _R_ETHER_CheckWrite
                                  ffc082c3        4f   func ,g         * 
  _R_ETHER_Control
                                  ffc08312        8a   func ,g         * 
  _R_ETHER_WritePHY
                                  ffc0839c        27   func ,g         * 
  _R_ETHER_ReadPHY
                                  ffc083c3        2c   func ,g         * 
  _R_ETHER_GetVersion
                                  ffc083ef         e   func ,g         * 
  _ether_reset_mac
                                  ffc083fd        34   func ,l         * 
  _ether_init_descriptors
                                  ffc08431       139   func ,l         * 
  _ether_config_ethernet
                                  ffc0856a       11e   func ,l         * 
  _ether_pause_resolution
                                  ffc08688        68   func ,l         * 
  _ether_configure_mac
                                  ffc086f0        7e   func ,l         * 
  _ether_do_link
                                  ffc0876e       1c5   func ,l         * 
  _ether_set_callback
                                  ffc08933        38   func ,l         * 
  _ether_set_promiscuous_mode
                                  ffc0896b        35   func ,l         * 
  _ether_set_int_handler
                                  ffc089a0        29   func ,l         * 
  _ether_power_on
                                  ffc089c9        51   func ,l         * 
  _ether_power_off
                                  ffc08a1a        24   func ,l         * 
  _power_on
                                  ffc08a3e        85   func ,l         * 
  _power_off
                                  ffc08ac3        5e   func ,l         * 
  _ether_set_multicastframe_filter
                                  ffc08b21        af   func ,l         * 
  _ether_set_broadcastframe_filter
                                  ffc08bd0        8d   func ,l         * 
  _power_on_control
                                  ffc08c5d        ab   func ,l         * 
  _power_off_control
                                  ffc08d08        82   func ,l         * 
  _check_mpde_bit
                                  ffc08d8a        9c   func ,l         * 
  _ether_eint0
                                  ffc08e26         e   func ,l         * 
  _ether_eint1
                                  ffc08e34         e   func ,l         * 
  _ether_int_common
                                  ffc08e42        df   func ,l         * 
  _ether_receive_data_padding
                                  ffc08f21        63   func ,l         * 
FILE=.\src\smc_gen\r_ether_rx\src\targets\rx72m\r_ether_setting_rx72m.obj
                                  ffc08f84  ffc0905d        da
  _ether_enable_icu
                                  ffc08f84        5a   func ,g         * 
  _ether_disable_icu
                                  ffc08fde        5c   func ,g         * 
  _ether_set_phy_mode
                                  ffc0903a        24   func ,g         * 
FILE=.\src\smc_gen\r_lwip_driver_rx\src\arch\sys_arch.obj
                                  ffc0905e  ffc0908a        2d
  _sys_arch_protect
                                  ffc0905e        1e   func ,g         * 
  _sys_arch_unprotect
                                  ffc0907c         f   func ,g         * 
FILE=.\src\smc_gen\r_lwip_driver_rx\src\r_lwip_driver_rx_api.obj
                                  ffc0908b  ffc095b7       52d
  _sys_now
                                  ffc0908b         e   func ,g         * 
  _R_LWIP_DRIVER_Open
                                  ffc09099        c8   func ,g         * 
  _R_LWIP_DRIVER_Close
                                  ffc09161        3a   func ,g         * 
  _R_LWIP_DRIVER_EthernetClose
                                  ffc0919b        b6   func ,g         * 
  _R_LWIP_DRIVER_EthernetLinkCheck
                                  ffc09251        e8   func ,g         * 
  _r_lwip_driver_ethernetif_init
                                  ffc09339        72   func ,g         * 
  _R_LWIP_DRIVER_Input
                                  ffc093ab        6f   func ,g         * 
  _r_lwip_driver_low_level_output
                                  ffc0941a       18d   func ,g         * 
  _r_lwip_driver_get_rand
                                  ffc095a7        11   func ,g         * 
FILE=.\src\smc_gen\r_lwip_driver_rx\src\r_lwip_driver_rx_internal.obj
                                  ffc095b8  ffc0997f       3c8
  _r_lwip_driver_timer_callback
                                  ffc095b8        19   func ,g         * 
  _r_lwip_driver_get_linkstatus
                                  ffc095d1        49   func ,g         * 
  _r_lwip_driver_get_linkchange
                                  ffc0961a        7b   func ,g         * 
  _r_lwip_driver_low_level_init
                                  ffc09695       115   func ,g         * 
  _r_lwip_driver_low_level_input
                                  ffc097aa        db   func ,g         * 
  _r_lwip_driver_rx_ether_cb
                                  ffc09885        72   func ,g         * 
  _r_lwip_driver_rx_ether_int_cb
                                  ffc098f7        5f   func ,g         * 
  _r_lwip_driver_Xorshift
                                  ffc09956        2a   func ,g         * 
FILE=.\src\smc_gen\r_lwip_rx\src\core\def.obj
                                  ffc09980  ffc09cb3       334
  _lwip_htons
                                  ffc09980        13   func ,g         * 
  _lwip_htonl
                                  ffc09993        1d   func ,g         * 
  _lwip_strnstr
                                  ffc099b0        8b   func ,g         * 
  _lwip_strnistr
                                  ffc09a3b        6c   func ,g         * 
  _lwip_stricmp
                                  ffc09aa7        69   func ,g         * 
  _lwip_strnicmp
                                  ffc09b10        84   func ,g         * 
  _lwip_itoa
                                  ffc09b94        df   func ,g         * 
  _lwip_memcmp_consttime
                                  ffc09c73        41   func ,g         * 
FILE=.\src\smc_gen\r_lwip_rx\src\core\inet_chksum.obj
                                  ffc09cb4  ffc0a0c8       415
  _lwip_standard_chksum
                                  ffc09cb4        a8   func ,g         * 
  _inet_cksum_pseudo_base
                                  ffc09d5c        ab   func ,l         * 
  _inet_chksum_pseudo
                                  ffc09e07        5b   func ,g         * 
  _ip_chksum_pseudo
                                  ffc09e62        26   func ,g         * 
  _inet_cksum_pseudo_partial_base
                                  ffc09e88       11a   func ,l         * 
  _inet_chksum_pseudo_partial
                                  ffc09fa2        67   func ,g         * 
  _ip_chksum_pseudo_partial
                                  ffc0a009        2f   func ,g         * 
  _inet_chksum
                                  ffc0a038        15   func ,g         * 
  _inet_chksum_pbuf
                                  ffc0a04d        7c   func ,g         * 
FILE=.\src\smc_gen\r_lwip_rx\src\core\init.obj
                                  ffc0a0c9  ffc0a11d        55
  _lwip_init
                                  ffc0a0c9        55   func ,g         * 
FILE=.\src\smc_gen\r_lwip_rx\src\core\ipv4\etharp.obj
                                  ffc0a11e  ffc0b2b2      1195
  _etharp_free_entry
                                  ffc0a11e        4a   func ,l         * 
  _etharp_tmr
                                  ffc0a168        eb   func ,g         * 
  _etharp_find_entry
                                  ffc0a253       34d   func ,l         * 
  _etharp_update_arp_entry
                                  ffc0a5a0       150   func ,l         * 
  _etharp_cleanup_netif
                                  ffc0a6f0        54   func ,g         * 
  _etharp_find_addr
                                  ffc0a744        bb   func ,g         * 
  _etharp_get_entry
                                  ffc0a7ff       121   func ,g         * 
  _etharp_input
                                  ffc0a920       113   func ,g         * 
  _etharp_output_to_arp_index
                                  ffc0aa33       10d   func ,l         * 
  _etharp_output
                                  ffc0ab40       28a   func ,g         * 
  _etharp_query
                                  ffc0adca       339   func ,g         * 
  _etharp_raw
                                  ffc0b103       162   func ,l         * 
  _etharp_request_dst
                                  ffc0b265        35   func ,l         * 
  _etharp_request
                                  ffc0b29a        19   func ,g         * 
FILE=.\src\smc_gen\r_lwip_rx\src\core\ipv4\icmp.obj
                                  ffc0b2b3  ffc0b604       352
  _icmp_input
                                  ffc0b2b3       23f   func ,g         * 
  _icmp_dest_unreach
                                  ffc0b4f2        11   func ,g         * 
  _icmp_time_exceeded
                                  ffc0b503        11   func ,g         * 
  _icmp_send_response
                                  ffc0b514        f1   func ,l         * 
FILE=.\src\smc_gen\r_lwip_rx\src\core\ipv4\igmp.obj
                                  ffc0b605  ffc0bf06       902
  _igmp_init
                                  ffc0b605        19   func ,g         * 
  _igmp_start
                                  ffc0b61e        48   func ,g         * 
  _igmp_stop
                                  ffc0b666        42   func ,g         * 
  _igmp_report_groups
                                  ffc0b6a8        26   func ,g         * 
  _igmp_lookfor_group
                                  ffc0b6ce        2f   func ,g         * 
  _igmp_lookup_group
                                  ffc0b6fd       104   func ,l         * 
  _igmp_remove_group
                                  ffc0b801        39   func ,l         * 
  _igmp_input
                                  ffc0b83a       13f   func ,g         * 
  _igmp_joingroup
                                  ffc0b979        cc   func ,g         * 
  _igmp_joingroup_netif
                                  ffc0ba45        d0   func ,g         * 
  _igmp_leavegroup
                                  ffc0bb15        ca   func ,g         * 
  _igmp_leavegroup_netif
                                  ffc0bbdf        c7   func ,g         * 
  _igmp_tmr
                                  ffc0bca6        49   func ,g         * 
  _igmp_timeout
                                  ffc0bcef        46   func ,l         * 
  _igmp_start_timer
                                  ffc0bd35        3b   func ,l         * 
  _igmp_delaying_member
                                  ffc0bd70        5d   func ,l         * 
  _igmp_ip_output_if
                                  ffc0bdcd        3f   func ,l         * 
  _igmp_send
                                  ffc0be0c        fb   func ,l         * 
FILE=.\src\smc_gen\r_lwip_rx\src\core\ipv4\ip4.obj
                                  ffc0bf07  ffc0c843       93d
  _ip4_set_default_multicast_netif
                                  ffc0bf07         e   func ,g         * 
  _ip4_route
                                  ffc0bf15       186   func ,g         * 
  _ip4_input_accept
                                  ffc0c09b        70   func ,l         * 
  _ip4_input
                                  ffc0c10b       31e   func ,g         * 
  _ip4_output_if
                                  ffc0c429        43   func ,g         * 
  _ip4_output_if_opt
                                  ffc0c46c        7b   func ,g         * 
  _ip4_output_if_src
                                  ffc0c4e7        43   func ,g         * 
  _ip4_output_if_opt_src
                                  ffc0c52a       295   func ,g         * 
  _ip4_output
                                  ffc0c7bf        85   func ,g         * 
FILE=.\src\smc_gen\r_lwip_rx\src\core\ipv4\ip4_addr.obj
                                  ffc0c844  ffc0ccc1       47e
  _ip4_addr_isbroadcast_u32
                                  ffc0c844        7c   func ,g         * 
  _ip4_addr_netmask_valid
                                  ffc0c8c0        4f   func ,g         * 
  _ipaddr_addr
                                  ffc0c90f        1b   func ,g         * 
  _ip4addr_aton
                                  ffc0c92a       2b2   func ,g         * 
  _ip4addr_ntoa
                                  ffc0cbdc        14   func ,g         * 
  _ip4addr_ntoa_r
                                  ffc0cbf0        d2   func ,g         * 
FILE=.\src\smc_gen\r_lwip_rx\src\core\ipv4\ip4_frag.obj
                                  ffc0ccc2  ffc0dab6       df5
  _ip_reass_tmr
                                  ffc0ccc2        3f   func ,g         * 
  _ip_reass_free_complete_datagram
                                  ffc0cd01       1d8   func ,l         * 
  _ip_reass_remove_oldest_datagram
                                  ffc0ced9        ec   func ,l         * 
  _ip_reass_enqueue_new_datagram
                                  ffc0cfc5        74   func ,l         * 
  _ip_reass_dequeue_datagram
                                  ffc0d039        69   func ,l         * 
  _ip_reass_chain_frag_into_datagram_and_validate
                                  ffc0d0a2       32d   func ,l         * 
  _ip4_reass
                                  ffc0d3cf       360   func ,g         * 
  _ip_frag_alloc_pbuf_custom_ref
                                  ffc0d72f         c   func ,l         * 
  _ip_frag_free_pbuf_custom_ref
                                  ffc0d73b        45   func ,l         * 
  _ipfrag_free_pbuf_custom
                                  ffc0d780        90   func ,l         * 
  _ip4_frag
                                  ffc0d810       2a7   func ,g         * 
FILE=.\src\smc_gen\r_lwip_rx\src\core\mem.obj
                                  ffc0dab7  ffc0e475       9bf
  _ptr_to_mem
                                  ffc0dab7        14   func ,l         * 
  _mem_to_ptr
                                  ffc0dacb        13   func ,l         * 
  _plug_holes
                                  ffc0dade       1d5   func ,l         * 
  _mem_init
                                  ffc0dcb3        70   func ,g         * 
  _mem_link_valid
                                  ffc0dd23        a4   func ,l         * 
  _mem_free
                                  ffc0ddc7       126   func ,g         * 
  _mem_trim
                                  ffc0deed       28b   func ,g         * 
  _mem_malloc
                                  ffc0e178       2c6   func ,g         * 
  _mem_calloc
                                  ffc0e43e        38   func ,g         * 
FILE=.\src\smc_gen\r_lwip_rx\src\core\memp.obj
                                  ffc0e476  ffc0e6aa       235
  _memp_init_pool
                                  ffc0e476        42   func ,g         * 
  _memp_init
                                  ffc0e4b8        23   func ,g         * 
  _do_memp_malloc_pool
                                  ffc0e4db        62   func ,l         * 
  _memp_malloc_pool
                                  ffc0e53d        52   func ,g         * 
  _memp_malloc
                                  ffc0e58f        34   func ,g         * 
  _do_memp_free_pool
                                  ffc0e5c3        55   func ,l         * 
  _memp_free_pool
                                  ffc0e618        60   func ,g         * 
  _memp_free
                                  ffc0e678        33   func ,g         * 
FILE=.\src\smc_gen\r_lwip_rx\src\core\netif.obj
                                  ffc0e6ab  ffc0ef1e       874
  _netif_init
[...]
  _tcp_segs_free
                                  ffc119ec        1a   func ,g         * 
  _tcp_seg_free
                                  ffc11a06        23   func ,g         * 
  _tcp_setprio
                                  ffc11a29        21   func ,g         * 
  _tcp_recv_null
                                  ffc11a4a        50   func ,g         * 
  _tcp_kill_prio
                                  ffc11a9a        a7   func ,l         * 
  _tcp_kill_state
                                  ffc11b41        ac   func ,l         * 
  _tcp_kill_timewait
                                  ffc11bed        54   func ,l         * 
  _tcp_handle_closepend
                                  ffc11c41        35   func ,l         * 
  _tcp_alloc
                                  ffc11c76        dc   func ,g         * 
  _tcp_new
                                  ffc11d52         c   func ,g         * 
  _tcp_new_ip_type
                                  ffc11d5e        12   func ,g         * 
  _tcp_arg
                                  ffc11d70        15   func ,g         * 
  _tcp_recv
                                  ffc11d85        52   func ,g         * 
  _tcp_sent
                                  ffc11dd7        52   func ,g         * 
  _tcp_err
                                  ffc11e29        52   func ,g         * 
  _tcp_accept
                                  ffc11e7b        2f   func ,g         * 
  _tcp_poll
                                  ffc11eaa        68   func ,g         * 
  _tcp_pcb_purge
                                  ffc11f12        80   func ,g         * 
  _tcp_pcb_remove
                                  ffc11f92       17b   func ,g         * 
  _tcp_next_iss
                                  ffc1210d        5a   func ,g         * 
  _tcp_eff_send_mss_netif
                                  ffc12167        97   func ,g         * 
  _tcp_netif_ip_addr_changed_pcblist
                                  ffc121fe        67   func ,l         * 
  _tcp_netif_ip_addr_changed
                                  ffc12265        94   func ,g         * 
  _tcp_debug_state_str
                                  ffc122f9        11   func ,g         * 
  _tcp_tcp_get_tcp_addrinfo
                                  ffc1230a        5e   func ,g         * 
FILE=.\src\smc_gen\r_lwip_rx\src\core\tcp_in.obj
                                  ffc12368  ffc144e3      217c
  _tcp_input
                                  ffc12368       995   func ,g         * 
  _tcp_input_delayed_close
                                  ffc12cfd        8e   func ,l         * 
  _tcp_listen_input
                                  ffc12d8b       1d4   func ,l         * 
  _tcp_timewait_input
                                  ffc12f5f       113   func ,l         * 
  _tcp_process
                                  ffc13072       87e   func ,l         * 
  _tcp_free_acked_segments
                                  ffc138f0       133   func ,l         * 
  _tcp_receive
                                  ffc13a23       945   func ,l         * 
  _tcp_get_next_optbyte
                                  ffc14368        74   func ,l         * 
  _tcp_parseopt
                                  ffc143dc        ff   func ,l         * 
  _tcp_trigger_input_pcb_close
                                  ffc144db         9   func ,g         * 
FILE=.\src\smc_gen\r_lwip_rx\src\core\tcp_out.obj
                                  ffc144e4  ffc167fa      2317
  _tcp_route
                                  ffc144e4        3c   func ,l         * 
  _tcp_create_segment
                                  ffc14520       17b   func ,l         * 
  _tcp_pbuf_prealloc
                                  ffc1469b       196   func ,l         * 
  _tcp_write_checks
                                  ffc14831       16f   func ,l         * 
  _tcp_write
                                  ffc149a0       7c5   func ,g         * 
  _tcp_split_unsent_seg
                                  ffc15165       2ab   func ,g         * 
  _tcp_send_fin
                                  ffc15410        94   func ,g         * 
  _tcp_enqueue_flags
                                  ffc154a4       261   func ,g         * 
  _tcp_output
                                  ffc15705       43d   func ,g         * 
  _tcp_output_segment_busy
                                  ffc15b42        52   func ,l         * 
  _tcp_output_segment
                                  ffc15b94       21f   func ,l         * 
  _tcp_rexmit_rto_prepare
                                  ffc15db3        cf   func ,g         * 
  _tcp_rexmit_rto_commit
                                  ffc15e82        56   func ,g         * 
  _tcp_rexmit_rto
                                  ffc15ed8        4c   func ,g         * 
  _tcp_rexmit
                                  ffc15f24        e3   func ,g         * 
  _tcp_rexmit_fast
                                  ffc16007        bf   func ,g         * 
  _tcp_output_alloc_header_common
                                  ffc160c6        dd   func ,l         * 
  _tcp_output_alloc_header
                                  ffc161a3        7b   func ,l         * 
  _tcp_output_fill_options
                                  ffc1621e        b0   func ,l         * 
  _tcp_output_control_segment
                                  ffc162ce        7d   func ,l         * 
  _tcp_output_control_segment_netif
                                  ffc1634b        ae   func ,l         * 
  _tcp_rst_common
                                  ffc163f9        dd   func ,l         * 
  _tcp_rst
                                  ffc164d6        4a   func ,g         * 
  _tcp_rst_netif
                                  ffc16520        56   func ,g         * 
  _tcp_send_empty_ack
                                  ffc16576        c2   func ,g         * 
  _tcp_keepalive
                                  ffc16638        8c   func ,g         * 
  _tcp_zero_window_probe
                                  ffc166c4       137   func ,g         * 
FILE=.\src\smc_gen\r_lwip_rx\src\core\timeouts.obj
                                  ffc167fb  ffc16c41       447
  _tcpip_tcp_timer
                                  ffc167fb        47   func ,l         * 
  _tcp_timer_needed
                                  ffc16842        65   func ,g         * 
  _sys_timeout_abs
                                  ffc168a7       104   func ,l         * 
  _lwip_cyclic_timer
                                  ffc169ab        5d   func ,l         * 
  _sys_timeouts_init
                                  ffc16a08        2c   func ,g         * 
  _sys_timeout
                                  ffc16a34        5c   func ,g         * 
  _sys_untimeout
                                  ffc16a90        73   func ,g         * 
  _sys_check_timeouts
                                  ffc16b03        6a   func ,g         * 
  _sys_restart_timeouts
                                  ffc16b6d        44   func ,g         * 
  _sys_timeouts_sleeptime
                                  ffc16bb1        91   func ,g         * 
FILE=.\src\smc_gen\r_lwip_rx\src\core\udp.obj
                                  ffc16c42  ffc178fc       cbb
  _udp_init
                                  ffc16c42        12   func ,g         * 
  _udp_new_port
                                  ffc16c54        6d   func ,l         * 
  _udp_input_local_match
                                  ffc16cc1       153   func ,l         * 
  _udp_input
                                  ffc16e14       2f5   func ,g         * 
  _udp_send
                                  ffc17109        49   func ,g         * 
  _udp_sendto
                                  ffc17152        fe   func ,g         * 
  _udp_sendto_if
                                  ffc17250        e5   func ,g         * 
  _udp_sendto_if_src
                                  ffc17335       21a   func ,g         * 
  _udp_bind
                                  ffc1754f       15d   func ,g         * 
  _udp_bind_netif
                                  ffc176ac        1c   func ,g         * 
  _udp_connect
                                  ffc176c8        b2   func ,g         * 
  _udp_disconnect
                                  ffc1777a        2c   func ,g         * 
  _udp_recv
                                  ffc177a6        2b   func ,g         * 
  _udp_remove
                                  ffc177d1        6e   func ,g         * 
  _udp_new
                                  ffc1783f        29   func ,g         * 
  _udp_new_ip_type
                                  ffc17868         f   func ,g         * 
  _udp_netif_ip_addr_changed
                                  ffc17877        86   func ,g         * 
FILE=.\src\smc_gen\r_lwip_rx\src\netif\bridgeif_fdb.obj
                                  ffc178fd  ffc17bea       2ee
  _bridgeif_fdb_update_src
                                  ffc178fd       123   func ,g         * 
  _bridgeif_fdb_get_dst_ports
                                  ffc17a20        80   func ,g         * 
  _bridgeif_fdb_age_one_second
                                  ffc17aa0        72   func ,l         * 
  _bridgeif_age_tmr
                                  ffc17b12        54   func ,l         * 
  _bridgeif_fdb_init
                                  ffc17b66        85   func ,g         * 
FILE=.\src\smc_gen\r_lwip_rx\src\netif\ethernet.obj
                                  ffc17beb  ffc17d6a       180
  _ethernet_input
                                  ffc17beb        e9   func ,g         * 
  _ethernet_output
                                  ffc17cd4        97   func ,g         * 
FILE=.\src\smc_gen\r_pincfg\Pin.obj
                                  ffc17d6b  ffc18041       2d7
  _R_Pins_Create
                                  ffc17d6b       2d7   func ,g         * 
FILE=.\src\smc_gen\r_pincfg\r_ether_rx_pinset.obj
                                  ffc18042  ffc18299       258
  _R_ETHER_PinSet_ETHERC0_MII
                                  ffc18042       13c   func ,g         * 
  _R_ETHER_PinSet_ETHERC1_MII
                                  ffc1817e       11c   func ,g         * 
FILE=freopen
                                  ffc1829a  ffc182c6        2d
  _freopen
                                  ffc1829a        2d   func ,g         * 
FILE=fclose
                                  ffc182c7  ffc1831a        54
  _fclose
                                  ffc182c7        54   func ,g         * 
FILE=printf
                                  ffc1831b  ffc18354        3a
  _prout
                                  ffc1831b        1d   func ,l         * 
  _printf
                                  ffc18338        1d   func ,g         * 
FILE=atoi
                                  ffc18355  ffc1835c         8
  _atoi
                                  ffc18355         8   func ,g         * 
FILE=rand
                                  ffc1835d  ffc18377        1b
  _rand
                                  ffc1835d        1b   func ,g         * 
FILE=srand
                                  ffc18378  ffc18380         9
  _srand
                                  ffc18378         9   func ,g         * 
FILE=memcmp
                                  ffc18381  ffc183a5        25
  _memcmp
                                  ffc18381        25   func ,g         * 
FILE=xctype
                                  ffc183a6  ffc183bb        16
  __Getpctype
                                  ffc183a6        16   func ,g         * 
FILE=__COM_DIV64u
                                  ffc183bc  ffc18454        99
  __COM_DIV64u
                                  ffc183bc         0   none ,g         * 
  _Loop_Init
                                  ffc183c6         0   none ,l         * 
  _Loop
                                  ffc183ce         0   none ,l         * 
  _DivStart
                                  ffc183da         0   none ,l         * 
  _Success
                                  ffc183e8         0   none ,l         * 
  _DivEnd
                                  ffc183f4         0   none ,l         * 
  IXI6DIV
                                  ffc183f9         0   none ,l         * 
  IXI4DIV
                                  ffc1840b         0   none ,l         * 
  IXI2DIV
                                  ffc1841b         0   none ,l         * 
  I8I2DIV
                                  ffc18423         0   none ,l         * 
  I4I2DIV
                                  ffc18451         0   none ,l         * 
  _i8divU_End
                                  ffc18454         0   none ,l         * 
FILE=__initsct
                                  ffc18455  ffc1849e        4a
  __INITSCT
                                  ffc18455         0   none ,g         * 
  loop1
                                  ffc18467         0   none ,l         * 
  next_loop1
                                  ffc18475         0   none ,l         * 
  loop3
                                  ffc18487         0   none ,l         * 
  next_loop3
                                  ffc18498         0   none ,l         * 
FILE=fwrite
                                  ffc1849f  ffc18574        d6
  _fwrite
                                  ffc1849f        d6   func ,g         * 
FILE=fflush
                                  ffc18575  ffc185f6        82
  _fflush
                                  ffc18575        82   func ,g         * 
FILE=xfoprep
                                  ffc185f7  ffc186c8        d2
  __Foprep
                                  ffc185f7        d2   func ,g         * 
FILE=xfofind
                                  ffc186c9  ffc18755        8d
  __Fofind
                                  ffc186c9        44   func ,g         * 
  __Fofree
                                  ffc1870d        49   func ,g         * 
FILE=xprintf
                                  ffc18756  ffc189a5       250
  __Printf
                                  ffc18756       250   func ,g         * 
FILE=strtol
                                  ffc189a6  ffc18b54       1af
  _strtol
                                  ffc189a6       1af   func ,g         * 
FILE=free
                                  ffc18b55  ffc18bd6        82
  _free
                                  ffc18b55        82   func ,g         * 
FILE=xfwprep
                                  ffc18bd7  ffc18c6e        98
  __Fwprep
                                  ffc18bd7        98   func ,g         * 
FILE=xputfld
                                  ffc18c6f  ffc190de       470
  __Putfld
                                  ffc18c6f       470   func ,g         * 
FILE=xfopen
                                  ffc190df  ffc1910e        30
  __Fopen
                                  ffc190df        30   func ,g         * 
FILE=xvacopy
                                  ffc1910f  ffc19111         3
  __Vacopy
                                  ffc1910f         3   func ,g         * 
FILE=xputtxt
                                  ffc19112  ffc19369       258
  __Puttxt
                                  ffc19112       258   func ,g         * 
FILE=strchr
                                  ffc1936a  ffc1937c        13
  _strchr
                                  ffc1936a        13   func ,g         * 
FILE=_strchek
                                  ffc1937d  ffc1939a        1e
  __strchek
                                  ffc1937d        1e   func ,g         * 
FILE=malloc
                                  ffc1939b  ffc19475        db
  _findmem
                                  ffc1939b        79   func ,l         * 
  _malloc
                                  ffc19414        62   func ,g         * 
FILE=xldtob
                                  ffc19476  ffc1989b       426
  __Ldtob
                                  ffc19476       426   func ,g         * 
FILE=xputstr
                                  ffc1989c  ffc19977        dc
  __Putstr
                                  ffc1989c        dc   func ,g         * 
FILE=xlitob
                                  ffc19978  ffc19a81       10a
  __Litob
                                  ffc19978       10a   func ,g         * 
FILE=xgetmem
                                  ffc19a82  ffc19a9c        1b
  __Getmem
                                  ffc19a82        1b   func ,g         * 
FILE=xgenld
                                  ffc19a9d  ffc19d25       289
  __Genld
                                  ffc19a9d       289   func ,g         * 
FILE=xwctomb
                                  ffc19d26  ffc19e69       144
  __Wctombx
                                  ffc19d26       100   func ,g         * 
  __Wctomb
                                  ffc19e26        44   func ,g         * 
FILE=xstate
                                  ffc19e6a  ffc19e9b        32
  __Getmbcurmax
                                  ffc19e6a        16   func ,g         * 
  __Getpmbstate
                                  ffc19e80        1c   func ,g         * 
FILE=xldscale
                                  ffc19e9c  ffc19e9f         4
  __LDscale
                                  ffc19e9c         4   func ,g         * 
FILE=xldunsca
                                  ffc19ea0  ffc19ea3         4
  __LDunscale
                                  ffc19ea0         4   func ,g         * 
FILE=__COM_MOD64u
                                  ffc19ea4  ffc19f2a        87
  __COM_MOD64u
                                  ffc19ea4         0   none ,g         * 
  _Loop_Init
                                  ffc19eae         0   none ,l         * 
  _Loop
                                  ffc19eb2         0   none ,l         * 
  _DivStart
                                  ffc19ebe         0   none ,l         * 
  _Success
                                  ffc19ecc         0   none ,l         * 
  _DivEnd
                                  ffc19ed4         0   none ,l         * 
  IXI6DIV
                                  ffc19ed5         0   none ,l         * 
  IXI4DIV
                                  ffc19ee7         0   none ,l         * 
  IXI2DIV
                                  ffc19ef7         0   none ,l         * 
  I8I2DIV
                                  ffc19eff         0   none ,l         * 
  I4I2DIV
                                  ffc19f1f         0   none ,l         * 
FILE=_div
                                  ffc19f2b  ffc19f36         c
  _ldiv
                                  ffc19f2b         0   none ,g         * 
  _div
                                  ffc19f2b         0   none ,g         * 
FILE=localeco
                                  ffc19f37  ffc19f3d         7
  _localeconv
                                  ffc19f37         7   func ,g         * 
FILE=xwcstate
                                  ffc19f3e  ffc19f59        1c
  __Getpwcstate
                                  ffc19f3e        1c   func ,g         * 
FILE=xdscale
                                  ffc19f5a  ffc1a0dd       184
  __Dscale
                                  ffc19f5a       184   func ,g         * 
FILE=xdunscal
                                  ffc1a0de  ffc1a141        64
  __Dunscale
                                  ffc1a0de        64   func ,g         * 
FILE=xdnorm
                                  ffc1a142  ffc1a1f1        b0
  __Dnorm
                                  ffc1a142        b0   func ,g         * 

SECTION=EXCEPTVECT
FILE=.\src\smc_gen\r_bsp\mcu\rx72m\vecttbl.obj
                                  ffffff80  fffffffb        7c
  _Except_Vectors
                                  ffffff80        7c   data ,g         * 

SECTION=RESETVECT
FILE=.\src\smc_gen\r_bsp\mcu\rx72m\vecttbl.obj
                                  fffffffc  ffffffff         4
  _Reset_Vector
                                  fffffffc         4   data ,g         * 

*** Unfilled Areas ***

AREA                                START    END

*** Delete Symbols ***

SYMBOL                                SIZE    INFO
