Renesas Optimizing Linker (W3.07.00 )             04-Feb-2026 17:32:52

*** Options ***

-subcommand=Linkerrx72m_rsk_lwip_driver_udp_client.tmp
-MAKEUD="C:\Users\Manoj M\Downloads\rx72m_rsk_lwip_driver_udp_client\rx72m_rsk_lwip_driver_udp_client\HardwareDebug/rx72m_rsk_lwip_driver_udp_client_l.ud" 
-noprelink 
-input=".\src\main.obj"
-input=".\src/smc_gen/general\r_cg_hardware_setup.obj"
-input=".\src/smc_gen/general\r_smc_cgc.obj"
-input=".\src/smc_gen/general\r_smc_cgc_user.obj"
-input=".\src/smc_gen/general\r_smc_interrupt.obj"
-input=".\src/smc_gen/r_bsp/board/generic_rx72m\hwsetup.obj"
-input=".\src/smc_gen/r_bsp/mcu/all\dbsct.obj"
-input=".\src/smc_gen/r_bsp/mcu/all\lowlvl.obj"
-input=".\src/smc_gen/r_bsp/mcu/all\lowsrc.obj"
-input=".\src/smc_gen/r_bsp/mcu/all\mcu_locks.obj"
-input=".\src/smc_gen/r_bsp/mcu/all\r_bsp_common.obj"
-input=".\src/smc_gen/r_bsp/mcu/all\r_bsp_cpu.obj"
-input=".\src/smc_gen/r_bsp/mcu/all\r_bsp_interrupts.obj"
-input=".\src/smc_gen/r_bsp/mcu/all\r_bsp_locking.obj"
-input=".\src/smc_gen/r_bsp/mcu/all\r_bsp_mcu_startup.obj"
-input=".\src/smc_gen/r_bsp/mcu/all\r_bsp_software_interrupt.obj"
-input=".\src/smc_gen/r_bsp/mcu/all\r_rx_intrinsic_functions.obj"
-input=".\src/smc_gen/r_bsp/mcu/all\resetprg.obj"
-input=".\src/smc_gen/r_bsp/mcu/all\sbrk.obj"
-input=".\src/smc_gen/r_bsp/mcu/rx72m\mcu_clocks.obj"
-input=".\src/smc_gen/r_bsp/mcu/rx72m\mcu_init.obj"
-input=".\src/smc_gen/r_bsp/mcu/rx72m\mcu_interrupts.obj"
-input=".\src/smc_gen/r_bsp/mcu/rx72m\mcu_mapped_interrupts.obj"
-input=".\src/smc_gen/r_bsp/mcu/rx72m\vecttbl.obj"
-input=".\src/smc_gen/r_cmt_rx/src\r_cmt_rx.obj"
-input=".\src/smc_gen/r_ether_rx/src/phy\phy.obj"
-input=".\src/smc_gen/r_ether_rx/src\r_ether_rx.obj"
-input=".\src/smc_gen/r_ether_rx/src/targets/rx72m\r_ether_setting_rx72m.obj"
-input=".\src/smc_gen/r_lwip_driver_rx/src/arch\sys_arch.obj"
-input=".\src/smc_gen/r_lwip_driver_rx/src\r_lwip_driver_rx_api.obj"
-input=".\src/smc_gen/r_lwip_driver_rx/src\r_lwip_driver_rx_internal.obj"
-input=".\src/smc_gen/r_lwip_rx/src/api\api_lib.obj"
-input=".\src/smc_gen/r_lwip_rx/src/api\api_msg.obj"
-input=".\src/smc_gen/r_lwip_rx/src/api\err.obj"
-input=".\src/smc_gen/r_lwip_rx/src/api\if_api.obj"
-input=".\src/smc_gen/r_lwip_rx/src/api\netbuf.obj"
-input=".\src/smc_gen/r_lwip_rx/src/api\netdb.obj"
-input=".\src/smc_gen/r_lwip_rx/src/api\netifapi.obj"
-input=".\src/smc_gen/r_lwip_rx/src/api\sockets.obj"
-input=".\src/smc_gen/r_lwip_rx/src/api\tcpip.obj"
-input=".\src/smc_gen/r_lwip_rx/src/core\altcp.obj"
-input=".\src/smc_gen/r_lwip_rx/src/core\altcp_alloc.obj"
-input=".\src/smc_gen/r_lwip_rx/src/core\altcp_tcp.obj"
-input=".\src/smc_gen/r_lwip_rx/src/core\def.obj"
-input=".\src/smc_gen/r_lwip_rx/src/core\dns.obj"
-input=".\src/smc_gen/r_lwip_rx/src/core\inet_chksum.obj"
-input=".\src/smc_gen/r_lwip_rx/src/core\init.obj"
-input=".\src/smc_gen/r_lwip_rx/src/core\ip.obj"
-input=".\src/smc_gen/r_lwip_rx/src/core/ipv4\acd.obj"
-input=".\src/smc_gen/r_lwip_rx/src/core/ipv4\autoip.obj"
-input=".\src/smc_gen/r_lwip_rx/src/core/ipv4\dhcp.obj"
-input=".\src/smc_gen/r_lwip_rx/src/core/ipv4\etharp.obj"
-input=".\src/smc_gen/r_lwip_rx/src/core/ipv4\icmp.obj"
-input=".\src/smc_gen/r_lwip_rx/src/core/ipv4\igmp.obj"
-input=".\src/smc_gen/r_lwip_rx/src/core/ipv4\ip4.obj"
-input=".\src/smc_gen/r_lwip_rx/src/core/ipv4\ip4_addr.obj"
-input=".\src/smc_gen/r_lwip_rx/src/core/ipv4\ip4_frag.obj"
-input=".\src/smc_gen/r_lwip_rx/src/core/ipv6\dhcp6.obj"
-input=".\src/smc_gen/r_lwip_rx/src/core/ipv6\ethip6.obj"
-input=".\src/smc_gen/r_lwip_rx/src/core/ipv6\icmp6.obj"
-input=".\src/smc_gen/r_lwip_rx/src/core/ipv6\inet6.obj"
-input=".\src/smc_gen/r_lwip_rx/src/core/ipv6\ip6.obj"
-input=".\src/smc_gen/r_lwip_rx/src/core/ipv6\ip6_addr.obj"
-input=".\src/smc_gen/r_lwip_rx/src/core/ipv6\ip6_frag.obj"
-input=".\src/smc_gen/r_lwip_rx/src/core/ipv6\mld6.obj"
-input=".\src/smc_gen/r_lwip_rx/src/core/ipv6\nd6.obj"
-input=".\src/smc_gen/r_lwip_rx/src/core\mem.obj"
-input=".\src/smc_gen/r_lwip_rx/src/core\memp.obj"
-input=".\src/smc_gen/r_lwip_rx/src/core\netif.obj"
-input=".\src/smc_gen/r_lwip_rx/src/core\pbuf.obj"
-input=".\src/smc_gen/r_lwip_rx/src/core\raw.obj"
-input=".\src/smc_gen/r_lwip_rx/src/core\stats.obj"
-input=".\src/smc_gen/r_lwip_rx/src/core\sys.obj"
-input=".\src/smc_gen/r_lwip_rx/src/core\tcp.obj"
-input=".\src/smc_gen/r_lwip_rx/src/core\tcp_in.obj"
-input=".\src/smc_gen/r_lwip_rx/src/core\tcp_out.obj"
-input=".\src/smc_gen/r_lwip_rx/src/core\timeouts.obj"
-input=".\src/smc_gen/r_lwip_rx/src/core\udp.obj"
-input=".\src/smc_gen/r_lwip_rx/src/netif\bridgeif.obj"
-input=".\src/smc_gen/r_lwip_rx/src/netif\bridgeif_fdb.obj"
-input=".\src/smc_gen/r_lwip_rx/src/netif\ethernet.obj"
-input=".\src/smc_gen/r_lwip_rx/src/netif\lowpan6.obj"
-input=".\src/smc_gen/r_lwip_rx/src/netif\lowpan6_ble.obj"
-input=".\src/smc_gen/r_lwip_rx/src/netif\lowpan6_common.obj"
-input=".\src/smc_gen/r_lwip_rx/src/netif/ppp\auth.obj"
-input=".\src/smc_gen/r_lwip_rx/src/netif/ppp\ccp.obj"
-input=".\src/smc_gen/r_lwip_rx/src/netif/ppp\chap-md5.obj"
-input=".\src/smc_gen/r_lwip_rx/src/netif/ppp\chap-new.obj"
-input=".\src/smc_gen/r_lwip_rx/src/netif/ppp\chap_ms.obj"
-input=".\src/smc_gen/r_lwip_rx/src/netif/ppp\demand.obj"
-input=".\src/smc_gen/r_lwip_rx/src/netif/ppp\eap.obj"
-input=".\src/smc_gen/r_lwip_rx/src/netif/ppp\ecp.obj"
-input=".\src/smc_gen/r_lwip_rx/src/netif/ppp\eui64.obj"
-input=".\src/smc_gen/r_lwip_rx/src/netif/ppp\fsm.obj"
-input=".\src/smc_gen/r_lwip_rx/src/netif/ppp\ipcp.obj"
-input=".\src/smc_gen/r_lwip_rx/src/netif/ppp\ipv6cp.obj"
-input=".\src/smc_gen/r_lwip_rx/src/netif/ppp\lcp.obj"
-input=".\src/smc_gen/r_lwip_rx/src/netif/ppp\magic.obj"
-input=".\src/smc_gen/r_lwip_rx/src/netif/ppp\mppe.obj"
-input=".\src/smc_gen/r_lwip_rx/src/netif/ppp\multilink.obj"
-input=".\src/smc_gen/r_lwip_rx/src/netif/ppp/polarssl\arc4.obj"
-input=".\src/smc_gen/r_lwip_rx/src/netif/ppp/polarssl\des.obj"
-input=".\src/smc_gen/r_lwip_rx/src/netif/ppp/polarssl\md4.obj"
-input=".\src/smc_gen/r_lwip_rx/src/netif/ppp/polarssl\md5.obj"
-input=".\src/smc_gen/r_lwip_rx/src/netif/ppp/polarssl\sha1.obj"
-input=".\src/smc_gen/r_lwip_rx/src/netif/ppp\ppp.obj"
-input=".\src/smc_gen/r_lwip_rx/src/netif/ppp\pppapi.obj"
-input=".\src/smc_gen/r_lwip_rx/src/netif/ppp\pppcrypt.obj"
-input=".\src/smc_gen/r_lwip_rx/src/netif/ppp\pppoe.obj"
-input=".\src/smc_gen/r_lwip_rx/src/netif/ppp\pppol2tp.obj"
-input=".\src/smc_gen/r_lwip_rx/src/netif/ppp\pppos.obj"
-input=".\src/smc_gen/r_lwip_rx/src/netif/ppp\upap.obj"
-input=".\src/smc_gen/r_lwip_rx/src/netif/ppp\utils.obj"
-input=".\src/smc_gen/r_lwip_rx/src/netif/ppp\vj.obj"
-input=".\src/smc_gen/r_lwip_rx/src/netif\zepif.obj"
-input=".\src/smc_gen/r_pincfg\Pin.obj"
-input=".\src/smc_gen/r_pincfg\r_ether_rx_pinset.obj"
-library=".\rx72m_rsk_lwip_driver_udp_client.lib"
-output="rx72m_rsk_lwip_driver_udp_client.abs" 
-form=absolute 
-nomessage 
-vect=_undefined_interrupt_source_isr 
-list 
-show=symbol 
-nooptimize 
-start=SU,SI,B_1,R_1,B_2,R_2,B,R,B_8,R_8/04,B_ETHERNET_BUFFERS*,B_RX_DESC*,B_TX_DESC*,BEXRAM_1,REXRAM_1,BEXRAM_2,REXRAM_2,BEXRAM,REXRAM,BEXRAM_8,REXRAM_8/0800000,PResetPRG,C_1,C_2,C,C_8,C$*,D*,W*,L,P/0FFC00000,EXCEPTVECT/0FFFFFF80,RESETVECT/0FFFFFFFC 
-rom=D=R,D_1=R_1,D_2=R_2,D_8=R_8,DEXRAM=REXRAM,DEXRAM_1=REXRAM_1,DEXRAM_2=REXRAM_2,DEXRAM_8=REXRAM_8 
-cpu=RAM=00000000-0007ffff,FIX=00080000-00083fff,FIX=00086000-00087fff,FIX=00088000-0009ffff,FIX=000a0000-000a3fff,RAM=000a4000-000a5fff,FIX=000a6000-000bffff,FIX=000c0000-000dffff,FIX=000e0000-000fffff,ROM=00100000-00107fff,FIX=007fc000-007fcfff,FIX=007fe000-007fffff,RAM=00800000-0087ffff,RAM=00ff8000-00ffffff,RAM=fe7f5d00-fe7f5d7f,RAM=fe7f7d70-fe7f7d9f,ROM=ffc00000-ffffffff 
-nologo

*** Error information ***

*** Mapping List ***

SECTION                            START      END         SIZE   ALIGN
SU
                                  00000004  00001003      1000   4
SI
                                  00001004  00002003      1000   4
B_1
                                  00002004  0000dee1      bede   1
R_1
                                  0000dee2  0000df9e        bd   1
B_2
                                  0000dfa0  0000dfb9        1a   2
R_2
                                  0000dfba  0000dfbf         6   2
B
                                  0000dfc0  00010657      2698   4
R
                                  00010658  000108cf       278   4
B_8
                                  000108d0  000108d0         0   1
R_8
                                  000108d0  000108df        10   8
B_ETHERNET_BUFFERS_1
                                  00800000  00805fff      6000   1
B_RX_DESC_1
                                  00806000  0080607f        80   1
B_TX_DESC_1
                                  00806080  008060ff        80   1
BEXRAM_1
                                  00806100  00806100         0   1
REXRAM_1
                                  00806100  00806100         0   1
BEXRAM_2
                                  00806100  00806100         0   1
REXRAM_2
                                  00806100  00806100         0   1
BEXRAM
                                  00806100  00806100         0   1
REXRAM
                                  00806100  00806100         0   1
BEXRAM_8
                                  00806100  00806100         0   1
REXRAM_8
                                  00806100  00806100         0   1
$ADDR_C_FE7F5D00
                                  fe7f5d00  fe7f5d0b         c   1
$ADDR_C_FE7F5D10
                                  fe7f5d10  fe7f5d13         4   1
$ADDR_C_FE7F5D20
                                  fe7f5d20  fe7f5d23         4   1
$ADDR_C_FE7F5D40
                                  fe7f5d40  fe7f5d43         4   1
$ADDR_C_FE7F5D48
                                  fe7f5d48  fe7f5d4b         4   1
$ADDR_C_FE7F5D50
                                  fe7f5d50  fe7f5d5f        10   1
$ADDR_C_FE7F5D64
                                  fe7f5d64  fe7f5d67         4   1
$ADDR_C_FE7F5D70
                                  fe7f5d70  fe7f5d73         4   1
PResetPRG
                                  ffc00000  ffc00068        69   1
C_1
                                  ffc00069  ffc002fe       296   1
C_2
                                  ffc00300  ffc00507       208   2
C
                                  ffc00508  ffc006cb       1c4   4
C_8
                                  ffc006d0  ffc00717        48   8
C$DSEC
                                  ffc00718  ffc00777        60   4
C$BSEC
                                  ffc00778  ffc007b7        40   4
C$VECT
                                  ffc007b8  ffc00bb7       400   4
D
                                  ffc00bb8  ffc00e2f       278   4
D_1
                                  ffc00e30  ffc00eec        bd   1
DEXRAM
                                  ffc00eed  ffc00eed         0   1
DEXRAM_1
                                  ffc00eed  ffc00eed         0   1
DEXRAM_2
                                  ffc00eed  ffc00eed         0   1
DEXRAM_8
                                  ffc00eed  ffc00eed         0   1
D_2
                                  ffc00eee  ffc00ef3         6   2
D_8
                                  ffc00ef8  ffc00f07        10   8
W
                                  ffc00f08  ffc00f08         0   4
W_1
                                  ffc00f08  ffc00f1f        18   1
W_2
                                  ffc00f20  ffc00f20         0   2
L
                                  ffc00f20  ffc03534      2615   4
P
                                  ffc03535  ffc19dc5     16891   1
EXCEPTVECT
                                  ffffff80  fffffffb        7c   4
RESETVECT
                                  fffffffc  ffffffff         4   4

*** Symbol List ***

SECTION=
FILE=                               START        END    SIZE
  SYMBOL                            ADDR        SIZE    INFO      COUNTS  OPT

SECTION=SU
FILE=.\src\smc_gen\r_bsp\mcu\all\resetprg.obj
                                  00000004  00001003      1000

SECTION=SI
FILE=.\src\smc_gen\r_bsp\mcu\all\resetprg.obj
                                  00001004  00002003      1000

SECTION=B_1
FILE=.\src\smc_gen\r_bsp\mcu\all\lowsrc.obj
                                  00002004  0000202b        28
  _flmod
                                  00002004        14   data ,g         * 
  _sml_buf
                                  00002018        14   data ,g         * 
FILE=.\src\smc_gen\r_ether_rx\src\r_ether_rx.obj
                                  0000202c  00002049        1e
  _padding_insert_position
                                  0000202c         2   data ,l         * 
  _padding_insert_size
                                  0000202e         2   data ,l         * 
  _transfer_enable_flag
                                  00002030         2   data ,l         * 
  _mpd_flag
                                  00002032         2   data ,l         * 
  _mac_addr_buf
                                  00002034         c   data ,l         * 
  _lchng_flag
                                  00002040         2   data ,l         * 
  _mc_filter_flag
                                  00002042         2   data ,l         * 
  _promiscuous_mode
                                  00002044         2   data ,l         * 
  _etherc_edmac_power_cont
                                  00002046         4   data ,l         * 
FILE=.\src\smc_gen\r_lwip_rx\src\core\ipv4\etharp.obj
                                  0000204a  0000204a         1
  _etharp_cached_entry
                                  0000204a         1   data ,l         * 
FILE=.\src\smc_gen\r_lwip_rx\src\core\ipv4\ip4_addr.obj
                                  0000204b  0000205a        10
  _str$1
                                  0000204b        10   data ,l         * 
FILE=.\src\smc_gen\r_lwip_rx\src\core\mem.obj
                                  0000205b  0000706d      5013
  _ram_heap
                                  0000205b      5013   data ,g         * 
FILE=.\src\smc_gen\r_lwip_rx\src\core\memp.obj
                                  0000706e  0000dedb      6e6e
  _memp_memory_UDP_PCB_base
                                  0000706e        f3   data ,g         * 
  _memp_memory_TCP_PCB_base
                                  00007161       61b   data ,g         * 
  _memp_memory_TCP_PCB_LISTEN_base
                                  0000777c        a3   data ,g         * 
  _memp_memory_TCP_SEG_base
                                  0000781f       103   data ,g         * 
  _memp_memory_REASSDATA_base
                                  00007922        a3   data ,g         * 
  _memp_memory_FRAG_PBUF_base
                                  000079c5       16b   data ,g         * 
  _memp_memory_IGMP_GROUP_base
                                  00007b30        83   data ,g         * 
  _memp_memory_SYS_TIMEOUT_base
                                  00007bb3        43   data ,g         * 
  _memp_memory_PBUF_base
                                  00007bf6       323   data ,g         * 
  _memp_memory_PBUF_POOL_base
                                  00007f19      5fc3   data ,g         * 
FILE=.\src\smc_gen\r_lwip_rx\src\core\netif.obj
                                  0000dedc  0000dedc         1
  _netif_num
                                  0000dedc         1   data ,l         * 
FILE=.\src\smc_gen\r_lwip_rx\src\core\tcp.obj
                                  0000dedd  0000dedf         3
  _tcp_active_pcbs_changed
                                  0000dedd         1   data ,g         * 
  _tcp_timer
                                  0000dede         1   data ,l         * 
  _tcp_timer_ctr
                                  0000dedf         1   data ,l         * 
FILE=.\src\smc_gen\r_lwip_rx\src\core\tcp_in.obj
                                  0000dee0  0000dee1         2
  _flags
                                  0000dee0         1   data ,l         * 
  _recv_flags
                                  0000dee1         1   data ,l         * 

SECTION=R_1
FILE=.\src\main.obj
                                  0000dee2  0000df46        65
  _str$1
                                  0000dee2        65   data ,l         * 
FILE=.\src\smc_gen\r_ether_rx\src\r_ether_rx.obj
                                  0000df47  0000df49         3
  _is_entry
                                  0000df47         1   data ,l         * 
  _pause_frame_enable
                                  0000df48         2   data ,l         * 
FILE=.\src\smc_gen\r_lwip_driver_rx\src\r_lwip_driver_rx_internal.obj
                                  0000df4a  0000df4d         4
  _g_link_change
                                  0000df4a         2   data ,g         * 
  _g_link_status
                                  0000df4c         2   data ,g         * 
FILE=xfiles
                                  0000df4e  0000df9d        50
  _ebuf
                                  0000df4e        50   data ,l         * 
FILE=xstate
                                  0000df9e  0000df9e         1
  __Mbcurmax
                                  0000df9e         1   data ,g         * 

SECTION=B_2
FILE=.\src\smc_gen\r_bsp\mcu\all\r_bsp_cpu.obj
                                  0000dfa0  0000dfa7         8
  _s_protect_counters
                                  0000dfa0         8   data ,l         * 
FILE=.\src\smc_gen\r_ether_rx\src\phy\phy.obj
                                  0000dfa8  0000dfab         4
  _local_advertise
                                  0000dfa8         4   data ,l         * 
FILE=.\src\smc_gen\r_lwip_rx\src\core\ipv4\ip4.obj
                                  0000dfac  0000dfad         2
  _ip_id
                                  0000dfac         2   data ,l         * 
FILE=.\src\smc_gen\r_lwip_rx\src\core\ipv4\ip4_frag.obj
                                  0000dfae  0000dfaf         2
  _ip_reass_pbufcount
                                  0000dfae         2   data ,l         * 
FILE=.\src\smc_gen\r_lwip_rx\src\core\tcp_in.obj
                                  0000dfb0  0000dfb9         a
  _tcphdr_optlen
                                  0000dfb0         2   data ,l         * 
  _tcphdr_opt1len
                                  0000dfb2         2   data ,l         * 
  _tcp_optidx
                                  0000dfb4         2   data ,l         * 
  _recv_acked
                                  0000dfb6         2   data ,l         * 
  _tcplen
                                  0000dfb8         2   data ,l         * 

SECTION=R_2
FILE=.\src\smc_gen\r_lwip_driver_rx\src\r_lwip_driver_rx_api.obj
                                  0000dfba  0000dfbb         2
  _g_timer_set_ms
                                  0000dfba         2   data ,g         * 
FILE=.\src\smc_gen\r_lwip_rx\src\core\tcp.obj
                                  0000dfbc  0000dfbd         2
  _tcp_port
                                  0000dfbc         2   data ,l         * 
FILE=.\src\smc_gen\r_lwip_rx\src\core\udp.obj
                                  0000dfbe  0000dfbf         2
  _udp_port
                                  0000dfbe         2   data ,l         * 

SECTION=B
FILE=.\src\main.obj
                                  0000dfc0  0000e033        74
  _s_netif
                                  0000dfc0        38   data ,l         * 
  _s_netif_2
                                  0000dff8        38   data ,l         * 
  _s_message_count
                                  0000e030         4   data ,l         * 
FILE=.\src\smc_gen\r_bsp\mcu\all\lowsrc.obj
                                  0000e034  0000e083        50
  __Files
                                  0000e034        50   data ,g         * 
FILE=.\src\smc_gen\r_bsp\mcu\all\mcu_locks.obj
                                  0000e084  0000e2a3       220
  _g_bsp_Locks
                                  0000e084       220   data ,g         * 
FILE=.\src\smc_gen\r_bsp\mcu\all\r_bsp_interrupts.obj
                                  0000e2a4  0000e47b       1d8
  _g_bsp_vectors
                                  0000e2a4       1d8   data ,l         * 
FILE=.\src\smc_gen\r_bsp\mcu\all\sbrk.obj
                                  0000e47c  0001047f      2004
  __s1ptr
                                  0000e47c         4   data ,g         * 
  _s_heap_area
                                  0000e480      2000   data ,l         * 
FILE=.\src\smc_gen\r_cmt_rx\src\r_cmt_rx.obj
                                  00010480  0001049f        20
  _g_cmt_modes
                                  00010480        10   data ,l         * 
  _g_cmt_callbacks
                                  00010490        10   data ,l         * 
FILE=.\src\smc_gen\r_ether_rx\src\r_ether_rx.obj
                                  000104a0  000104b3        14
  _cb_func
                                  000104a0         c   data ,l         * 
  _bc_filter_count
                                  000104ac         8   data ,l         * 
FILE=.\src\smc_gen\r_lwip_rx\src\core\ip.obj
                                  000104b4  000104cb        18
  _ip_data
                                  000104b4        18   data ,g         * 
FILE=.\src\smc_gen\r_lwip_rx\src\core\ipv4\etharp.obj
                                  000104cc  000105bb        f0
  _arp_table
                                  000104cc        f0   data ,l         * 
FILE=.\src\smc_gen\r_lwip_rx\src\core\ipv4\igmp.obj
                                  000105bc  000105c3         8
  _allsystems
                                  000105bc         4   data ,l         * 
  _allrouters
                                  000105c0         4   data ,l         * 
FILE=.\src\smc_gen\r_lwip_rx\src\core\ipv4\ip4.obj
                                  000105c4  000105c7         4
  _ip4_default_multicast_netif
                                  000105c4         4   data ,l         * 
FILE=.\src\smc_gen\r_lwip_rx\src\core\ipv4\ip4_frag.obj
                                  000105c8  000105cb         4
  _reassdatagrams
                                  000105c8         4   data ,l         * 
FILE=.\src\smc_gen\r_lwip_rx\src\core\mem.obj
                                  000105cc  000105d7         c
  _ram
                                  000105cc         4   data ,l         * 
  _ram_end
                                  000105d0         4   data ,l         * 
  _lfree
                                  000105d4         4   data ,l         * 
FILE=.\src\smc_gen\r_lwip_rx\src\core\memp.obj
                                  000105d8  000105ff        28
  _memp_tab_UDP_PCB
                                  000105d8         4   data ,l         * 
  _memp_tab_TCP_PCB
                                  000105dc         4   data ,l         * 
  _memp_tab_TCP_PCB_LISTEN
                                  000105e0         4   data ,l         * 
  _memp_tab_TCP_SEG
                                  000105e4         4   data ,l         * 
  _memp_tab_REASSDATA
                                  000105e8         4   data ,l         * 
  _memp_tab_FRAG_PBUF
                                  000105ec         4   data ,l         * 
  _memp_tab_IGMP_GROUP
                                  000105f0         4   data ,l         * 
  _memp_tab_SYS_TIMEOUT
                                  000105f4         4   data ,l         * 
  _memp_tab_PBUF
                                  000105f8         4   data ,l         * 
  _memp_tab_PBUF_POOL
                                  000105fc         4   data ,l         * 
FILE=.\src\smc_gen\r_lwip_rx\src\core\netif.obj
                                  00010600  00010607         8
  _netif_list
                                  00010600         4   data ,g         * 
  _netif_default
                                  00010604         4   data ,g         * 
FILE=.\src\smc_gen\r_lwip_rx\src\core\tcp.obj
                                  00010608  0001061b        14
  _tcp_ticks
                                  00010608         4   data ,g         * 
  _tcp_bound_pcbs
                                  0001060c         4   data ,g         * 
  _tcp_listen_pcbs
                                  00010610         4   data ,g         * 
  _tcp_active_pcbs
                                  00010614         4   data ,g         * 
  _tcp_tw_pcbs
                                  00010618         4   data ,g         * 
FILE=.\src\smc_gen\r_lwip_rx\src\core\tcp_in.obj
                                  0001061c  00010643        28
  _inseg
                                  0001061c        10   data ,l         * 
  _tcphdr
                                  0001062c         4   data ,l         * 
  _tcphdr_opt2
                                  00010630         4   data ,l         * 
  _seqno
                                  00010634         4   data ,l         * 
  _ackno
                                  00010638         4   data ,l         * 
  _recv_data
                                  0001063c         4   data ,l         * 
  _tcp_input_pcb
                                  00010640         4   data ,g         * 
FILE=.\src\smc_gen\r_lwip_rx\src\core\timeouts.obj
                                  00010644  0001064f         c
  _next_timeout
                                  00010644         4   data ,l         * 
  _current_timeout_due_time
                                  00010648         4   data ,l         * 
  _tcpip_tcp_timer_active
                                  0001064c         4   data ,l         * 
FILE=.\src\smc_gen\r_lwip_rx\src\core\udp.obj
                                  00010650  00010653         4
  _udp_pcbs
                                  00010650         4   data ,g         * 
FILE=_errno
                                  00010654  00010657         4
  __errno
                                  00010654         4   data ,g         * 

SECTION=R
FILE=.\src\main.obj
                                  00010658  0001065b         4
  _s_ethernet_link_timer
                                  00010658         4   data ,l         * 
FILE=.\src\smc_gen\r_bsp\mcu\all\lowsrc.obj
                                  0001065c  0001066f        14
  _env_list
                                  0001065c        10   data ,g         * 
  _environ
                                  0001066c         4   data ,g         * 
FILE=.\src\smc_gen\r_bsp\mcu\all\sbrk.obj
                                  00010670  00010673         4
  _sp_brk
                                  00010670         4   data ,l         * 
FILE=.\src\smc_gen\r_ether_rx\src\r_ether_rx.obj
                                  00010674  00010683        10
  _papp_rx_desc
                                  00010674         8   data ,l         * 
  _papp_tx_desc
                                  0001067c         8   data ,l         * 
FILE=.\src\smc_gen\r_lwip_driver_rx\src\r_lwip_driver_rx_api.obj
                                  00010684  0001068b         8
  _g_lwip_driver_open
                                  00010684         4   data ,g         * 
  _g_timer_count
                                  00010688         4   data ,g         * 
FILE=.\src\smc_gen\r_lwip_rx\src\core\tcp.obj
                                  0001068c  0001068f         4
  _iss$1
                                  0001068c         4   data ,l         * 
FILE=xfiles
                                  00010690  00010767        d8
  __Stdin
                                  00010690        48   data ,g         * 
  __Stdout
                                  000106d8        48   data ,g         * 
  __Stderr
                                  00010720        48   data ,g         * 
FILE=xctype
                                  00010768  0001076f         8
  __Ctype
                                  00010768         4   data ,g         * 
  __Tls_setup__Ctype
                                  0001076c         4   data ,g         * 
FILE=xprintf
                                  00010770  00010773         4
  _stderr
                                  00010770         4   data ,g         * 
FILE=_rnext
                                  00010774  00010777         4
  __rnext
                                  00010774         4   data ,g         * 
FILE=malloc
                                  00010778  0001077f         8
  __Aldata
                                  00010778         8   data ,g         * 
FILE=xstate
                                  00010780  000107c7        48
  __Tls_setup__Mbcurmax
                                  00010780         4   data ,g         * 
  __Mbstate
                                  00010784        40   data ,g         * 
  __Tls_setup__Mbstate
                                  000107c4         4   data ,g         * 
FILE=localeco
                                  000107c8  0001081b        54
  __Locale
                                  000107c8        50   data ,g         * 
  __Tls_setup__Locale
                                  00010818         4   data ,g         * 
FILE=xwcstate
                                  0001081c  0001085f        44
  __Wcstate
                                  0001081c        40   data ,g         * 
  __Tls_setup__Wcstate
                                  0001085c         4   data ,g         * 
FILE=xvalues
                                  00010860  000108cf        70
  __Denorm
                                  00010860        10   data ,g         * 
  __Eps
                                  00010870        10   data ,g         * 
  __Hugeval
                                  00010880        10   data ,g         * 
  __Inf
                                  00010890        10   data ,g         * 
  __Nan
                                  000108a0        10   data ,g         * 
  __Snan
                                  000108b0        10   data ,g         * 
  __Rteps
                                  000108c0        10   data ,g         * 

SECTION=R_8
FILE=xvalues
                                  000108d0  000108df        10
  __Xbig
                                  000108d0         8   data ,g         * 
  __Zero
                                  000108d8         8   data ,g         * 

SECTION=B_ETHERNET_BUFFERS_1
FILE=.\src\smc_gen\r_ether_rx\src\r_ether_rx.obj
                                  00800000  00805fff      6000
  _ether_buffers
                                  00800000      6000   data ,l         * 

SECTION=B_RX_DESC_1
FILE=.\src\smc_gen\r_ether_rx\src\r_ether_rx.obj
                                  00806000  0080607f        80
  _rx_descriptors
                                  00806000        80   data ,l         * 

SECTION=B_TX_DESC_1
FILE=.\src\smc_gen\r_ether_rx\src\r_ether_rx.obj
                                  00806080  008060ff        80
  _tx_descriptors
                                  00806080        80   data ,l         * 

SECTION=$ADDR_C_FE7F5D00
FILE=.\src\smc_gen\r_bsp\mcu\rx72m\vecttbl.obj
                                  fe7f5d00  fe7f5d0b         c
  ___MDEreg
                                  fe7f5d00         4   data ,g         * 
  ___OFS0reg
                                  fe7f5d04         4   data ,g         * 
  ___OFS1reg
                                  fe7f5d08         4   data ,g         * 

SECTION=$ADDR_C_FE7F5D10
FILE=.\src\smc_gen\r_bsp\mcu\rx72m\vecttbl.obj
                                  fe7f5d10  fe7f5d13         4
  ___TMINFreg
                                  fe7f5d10         4   data ,g         * 

SECTION=$ADDR_C_FE7F5D20
FILE=.\src\smc_gen\r_bsp\mcu\rx72m\vecttbl.obj
                                  fe7f5d20  fe7f5d23         4
  ___BANKSELreg
                                  fe7f5d20         4   data ,g         * 

SECTION=$ADDR_C_FE7F5D40
FILE=.\src\smc_gen\r_bsp\mcu\rx72m\vecttbl.obj
                                  fe7f5d40  fe7f5d43         4
  ___SPCCreg
                                  fe7f5d40         4   data ,g         * 

SECTION=$ADDR_C_FE7F5D48
FILE=.\src\smc_gen\r_bsp\mcu\rx72m\vecttbl.obj
                                  fe7f5d48  fe7f5d4b         4
  ___TMEFreg
                                  fe7f5d48         4   data ,g         * 

SECTION=$ADDR_C_FE7F5D50
FILE=.\src\smc_gen\r_bsp\mcu\rx72m\vecttbl.obj
                                  fe7f5d50  fe7f5d5f        10
  ___OSIS1reg
                                  fe7f5d50         4   data ,g         * 
  ___OSIS2reg
                                  fe7f5d54         4   data ,g         * 
  ___OSIS3reg
                                  fe7f5d58         4   data ,g         * 
  ___OSIS4reg
                                  fe7f5d5c         4   data ,g         * 

SECTION=$ADDR_C_FE7F5D64
FILE=.\src\smc_gen\r_bsp\mcu\rx72m\vecttbl.obj
                                  fe7f5d64  fe7f5d67         4
  ___FAWreg
                                  fe7f5d64         4   data ,g         * 

SECTION=$ADDR_C_FE7F5D70
FILE=.\src\smc_gen\r_bsp\mcu\rx72m\vecttbl.obj
                                  fe7f5d70  fe7f5d73         4
  ___ROMCODEreg
                                  fe7f5d70         4   data ,g         * 

SECTION=PResetPRG
FILE=.\src\smc_gen\r_bsp\mcu\all\resetprg.obj
                                  ffc00000  ffc00068        69
  _PowerON_Reset_PC
                                  ffc00000        69   entry,g         * 

SECTION=C_1
FILE=.\src\smc_gen\r_ether_rx\src\r_ether_rx.obj
                                  ffc00069  ffc0010c        a4
  _pause_resolution
                                  ffc00069        50   data ,l         * 
  _ether_ch_0
                                  ffc000b9        22   data ,l         * 
  _ether_ch_1
                                  ffc000db        22   data ,l         * 
  _g_eth_control_ch
                                  ffc000fd        10   data ,g         * 
FILE=.\src\smc_gen\r_lwip_rx\src\core\tcp.obj
                                  ffc0010d  ffc00120        14
  _tcp_backoff
                                  ffc0010d         d   data ,l         * 
  _tcp_persist_backoff
                                  ffc0011a         7   data ,l         * 
FILE=.\src\smc_gen\r_lwip_rx\src\netif\ethernet.obj
                                  ffc00121  ffc0012c         c
  _ethbroadcast
                                  ffc00121         6   data ,g         * 
  _ethzero
                                  ffc00127         6   data ,g         * 
FILE=xprintf
                                  ffc0012d  ffc00136         a
  _fchar$1
                                  ffc0012d         a   data ,l         * 
FILE=xputtxt
                                  ffc00137  ffc001db        a5
  _spaces
                                  ffc00137        21   data ,l         * 
  _zeroes
                                  ffc00158        21   data ,l         * 
  _asterisk
                                  ffc00179        21   data ,l         * 
  _plus
                                  ffc0019a        21   data ,l         * 
  _minus
                                  ffc001bb        21   data ,l         * 
FILE=_ctype
                                  ffc001dc  ffc002db       100
  __ctype
                                  ffc001dc       100   data ,g         * 
FILE=xlitob
                                  ffc002dc  ffc002fd        22
  _ldigs
                                  ffc002dc        11   data ,l         * 
  _udigs
                                  ffc002ed        11   data ,l         * 
FILE=localeco
                                  ffc002fe  ffc002fe         1
  _null
                                  ffc002fe         1   data ,l         * 

SECTION=C_2
FILE=.\src\smc_gen\r_bsp\mcu\all\r_bsp_cpu.obj
                                  ffc00300  ffc00305         6
  _s_prcr_masks
                                  ffc00300         6   data ,l         * 
FILE=xctype
                                  ffc00306  ffc00507       202
  _ctyp_tab
                                  ffc00306       202   data ,l         * 

SECTION=C
FILE=.\src\smc_gen\r_bsp\mcu\all\dbsct.obj
                                  ffc00508  ffc00523        1c
  __CTBL
                                  ffc00508        1c   data ,g         * 
FILE=.\src\smc_gen\r_cmt_rx\src\r_cmt_rx.obj
                                  ffc00524  ffc00543        20
  _g_cmt_channels
                                  ffc00524        10   data ,l         * 
  _g_cmt_clock_dividers
                                  ffc00534        10   data ,l         * 
FILE=.\src\smc_gen\r_ether_rx\src\r_ether_rx.obj
                                  ffc00544  ffc0054b         8
  _ether_phy_access
                                  ffc00544         8   data ,l         * 
FILE=.\src\smc_gen\r_lwip_rx\src\core\ipv4\ip4_addr.obj
                                  ffc0054c  ffc00553         8
  _ip_addr_any
                                  ffc0054c         4   data ,g         * 
  _ip_addr_broadcast
                                  ffc00550         4   data ,g         * 
FILE=.\src\smc_gen\r_lwip_rx\src\core\memp.obj
                                  ffc00554  ffc005f3        a0
  _memp_UDP_PCB
                                  ffc00554         c   data ,g         * 
  _memp_TCP_PCB
                                  ffc00560         c   data ,g         * 
  _memp_TCP_PCB_LISTEN
                                  ffc0056c         c   data ,g         * 
  _memp_TCP_SEG
                                  ffc00578         c   data ,g         * 
  _memp_REASSDATA
                                  ffc00584         c   data ,g         * 
  _memp_FRAG_PBUF
                                  ffc00590         c   data ,g         * 
  _memp_IGMP_GROUP
                                  ffc0059c         c   data ,g         * 
  _memp_SYS_TIMEOUT
                                  ffc005a8         c   data ,g         * 
  _memp_PBUF
                                  ffc005b4         c   data ,g         * 
  _memp_PBUF_POOL
                                  ffc005c0         c   data ,g         * 
  _memp_pools
                                  ffc005cc        28   data ,g         * 
FILE=.\src\smc_gen\r_lwip_rx\src\core\tcp.obj
                                  ffc005f4  ffc0062f        3c
  _tcp_state_str
                                  ffc005f4        2c   data ,l         * 
  _tcp_pcb_lists
                                  ffc00620        10   data ,g         * 
FILE=.\src\smc_gen\r_lwip_rx\src\core\timeouts.obj
                                  ffc00630  ffc00653        24
  _lwip_cyclic_timers
                                  ffc00630        20   data ,g         * 
  _lwip_num_cyclic_timers
                                  ffc00650         4   data ,g         * 
FILE=_nfiles
                                  ffc00654  ffc00657         4
  __nfiles
                                  ffc00654         4   data ,g         * 
FILE=xfoprep
                                  ffc00658  ffc0069f        48
  _init$1
                                  ffc00658        48   data ,l         * 
FILE=xprintf
                                  ffc006a0  ffc006b7        18
  _fbit$2
                                  ffc006a0        18   data ,l         * 
FILE=xfopen
                                  ffc006b8  ffc006c7        10
  _rwacc$1
                                  ffc006b8        10   data ,l         * 
FILE=_sbrk_si
                                  ffc006c8  ffc006cb         4
  __sbrk_size
                                  ffc006c8         4   data ,g         * 

SECTION=C_8
FILE=xldtob
                                  ffc006d0  ffc00717        48
  _pows
                                  ffc006d0        48   data ,l         * 

SECTION=C$DSEC
FILE=.\src\smc_gen\r_bsp\mcu\all\dbsct.obj
                                  ffc00718  ffc00777        60
  __DTBL
                                  ffc00718        60   data ,g         * 

SECTION=C$BSEC
FILE=.\src\smc_gen\r_bsp\mcu\all\dbsct.obj
                                  ffc00778  ffc007b7        40
  __BTBL
                                  ffc00778        40   data ,g         * 

SECTION=C$VECT
FILE=.\src\smc_gen\r_bsp\mcu\all\resetprg.obj
                                  ffc007b8  ffc00bb7       400

SECTION=D
FILE=.\src\main.obj
                                  ffc00bb8  ffc00bbb         4
FILE=.\src\smc_gen\r_bsp\mcu\all\lowsrc.obj
                                  ffc00bbc  ffc00bcf        14
FILE=.\src\smc_gen\r_bsp\mcu\all\sbrk.obj
                                  ffc00bd0  ffc00bd3         4
FILE=.\src\smc_gen\r_ether_rx\src\r_ether_rx.obj
                                  ffc00bd4  ffc00be3        10
FILE=.\src\smc_gen\r_lwip_driver_rx\src\r_lwip_driver_rx_api.obj
                                  ffc00be4  ffc00beb         8
FILE=.\src\smc_gen\r_lwip_rx\src\core\tcp.obj
                                  ffc00bec  ffc00bef         4
FILE=xfiles
                                  ffc00bf0  ffc00cc7        d8
FILE=xctype
                                  ffc00cc8  ffc00ccf         8
FILE=xprintf
                                  ffc00cd0  ffc00cd3         4
FILE=_rnext
                                  ffc00cd4  ffc00cd7         4
FILE=malloc
                                  ffc00cd8  ffc00cdf         8
FILE=xstate
                                  ffc00ce0  ffc00d27        48
FILE=localeco
                                  ffc00d28  ffc00d7b        54
FILE=xwcstate
                                  ffc00d7c  ffc00dbf        44
FILE=xvalues
                                  ffc00dc0  ffc00e2f        70

SECTION=D_1
FILE=.\src\main.obj
                                  ffc00e30  ffc00e94        65
FILE=.\src\smc_gen\r_ether_rx\src\r_ether_rx.obj
                                  ffc00e95  ffc00e97         3
FILE=.\src\smc_gen\r_lwip_driver_rx\src\r_lwip_driver_rx_internal.obj
                                  ffc00e98  ffc00e9b         4
FILE=xfiles
                                  ffc00e9c  ffc00eeb        50
FILE=xstate
                                  ffc00eec  ffc00eec         1

SECTION=D_2
FILE=.\src\smc_gen\r_lwip_driver_rx\src\r_lwip_driver_rx_api.obj
                                  ffc00eee  ffc00eef         2
FILE=.\src\smc_gen\r_lwip_rx\src\core\tcp.obj
                                  ffc00ef0  ffc00ef1         2
FILE=.\src\smc_gen\r_lwip_rx\src\core\udp.obj
                                  ffc00ef2  ffc00ef3         2

SECTION=D_8
FILE=xvalues
                                  ffc00ef8  ffc00f07        10

SECTION=W_1
FILE=.\src\smc_gen\r_bsp\mcu\all\r_bsp_cpu.obj
                                  ffc00f08  ffc00f17        10
FILE=.\src\smc_gen\r_ether_rx\src\r_ether_rx.obj
                                  ffc00f18  ffc00f1f         8

SECTION=L
FILE=.\src\main.obj
                                  ffc00f20  ffc00ff8        d9
FILE=.\src\smc_gen\r_bsp\mcu\all\dbsct.obj
                                  ffc00ffc  ffc00fff         4
  _deadSpace
                                  ffc00ffc         4   data ,g         * 
FILE=.\src\smc_gen\r_bsp\mcu\all\lowsrc.obj
                                  ffc01000  ffc01041        42
FILE=.\src\smc_gen\r_bsp\mcu\rx72m\mcu_clocks.obj
                                  ffc01044  ffc0104f         c
FILE=.\src\smc_gen\r_lwip_driver_rx\src\r_lwip_driver_rx_api.obj
                                  ffc01050  ffc010e8        99
FILE=.\src\smc_gen\r_lwip_driver_rx\src\r_lwip_driver_rx_internal.obj
                                  ffc010ec  ffc0117f        94
FILE=.\src\smc_gen\r_lwip_rx\src\core\inet_chksum.obj
                                  ffc01180  ffc011e1        62
FILE=.\src\smc_gen\r_lwip_rx\src\core\init.obj
                                  ffc011e4  ffc012b5        d2
FILE=.\src\smc_gen\r_lwip_rx\src\core\ipv4\etharp.obj
                                  ffc012b8  ffc0150f       258
FILE=.\src\smc_gen\r_lwip_rx\src\core\ipv4\icmp.obj
                                  ffc01510  ffc015f6        e7
FILE=.\src\smc_gen\r_lwip_rx\src\core\ipv4\igmp.obj
                                  ffc015f8  ffc016fa       103
FILE=.\src\smc_gen\r_lwip_rx\src\core\ipv4\ip4.obj
                                  ffc016fc  ffc01789        8e
FILE=.\src\smc_gen\r_lwip_rx\src\core\ipv4\ip4_addr.obj
                                  ffc0178c  ffc017ef        64
FILE=.\src\smc_gen\r_lwip_rx\src\core\ipv4\ip4_frag.obj
                                  ffc017f0  ffc01a02       213
FILE=.\src\smc_gen\r_lwip_rx\src\core\mem.obj
                                  ffc01a04  ffc01c70       26d
FILE=.\src\smc_gen\r_lwip_rx\src\core\memp.obj
                                  ffc01c74  ffc01d19        a6
FILE=.\src\smc_gen\r_lwip_rx\src\core\netif.obj
                                  ffc01d1c  ffc01e17        fc
FILE=.\src\smc_gen\r_lwip_rx\src\core\pbuf.obj
                                  ffc01e18  ffc02101       2ea
FILE=.\src\smc_gen\r_lwip_rx\src\core\tcp.obj
                                  ffc02104  ffc0266f       56c
FILE=.\src\smc_gen\r_lwip_rx\src\core\tcp_in.obj
                                  ffc02670  ffc02a4d       3de
FILE=.\src\smc_gen\r_lwip_rx\src\core\tcp_out.obj
                                  ffc02a50  ffc031f8       7a9
FILE=.\src\smc_gen\r_lwip_rx\src\core\timeouts.obj
                                  ffc031fc  ffc032d5        da
FILE=.\src\smc_gen\r_lwip_rx\src\core\udp.obj
                                  ffc032d8  ffc033e8       111
FILE=.\src\smc_gen\r_lwip_rx\src\netif\bridgeif_fdb.obj
                                  ffc033ec  ffc0346e        83
FILE=.\src\smc_gen\r_lwip_rx\src\netif\ethernet.obj
                                  ffc03470  ffc034f6        87
FILE=xprintf
                                  ffc034f8  ffc034fe         7
FILE=xldtob
                                  ffc03500  ffc03521        22
FILE=xgenld
                                  ffc03524  ffc03525         2
FILE=localeco
                                  ffc03528  ffc03534         d

SECTION=P
FILE=.\src\main.obj
                                  ffc03535  ffc03968       434
  _Ethernet_Link_Periodic_Handle
                                  ffc03535        34   func ,g         * 
  _udp_receive_callback
                                  ffc03569        62   func ,g         * 
  _main
                                  ffc035cb       28b   func ,g         * 
  _r_lwip_driver_low_level_init_2
                                  ffc03856        a2   func ,l         * 
  _r_lwip_driver_ethernetif_init_2
                                  ffc038f8        71   func ,l         * 
FILE=.\src\smc_gen\general\r_cg_hardware_setup.obj
                                  ffc03969  ffc039b4        4c
  _r_undefined_exception
                                  ffc03969         1   func ,g         * 
  _R_Systeminit
                                  ffc0396a        4b   func ,g         * 
FILE=.\src\smc_gen\general\r_smc_cgc.obj
                                  ffc039b5  ffc039e9        35
  _R_CGC_Create
                                  ffc039b5        35   func ,g         * 
FILE=.\src\smc_gen\general\r_smc_cgc_user.obj
                                  ffc039ea  ffc039ea         1
  _R_CGC_Create_UserInit
                                  ffc039ea         1   func ,g         * 
FILE=.\src\smc_gen\general\r_smc_interrupt.obj
                                  ffc039eb  ffc03a0c        22
  _R_Interrupt_Create
                                  ffc039eb        22   func ,g         * 
FILE=.\src\smc_gen\r_bsp\board\generic_rx72m\hwsetup.obj
                                  ffc03a0d  ffc03aeb        df
  _hardware_setup
                                  ffc03a0d        17   func ,g         * 
  _rom_cache_function_set
                                  ffc03a24        11   func ,l         * 
  _output_ports_configure
                                  ffc03a35         2   func ,l         * 
  _interrupts_configure
                                  ffc03a37         2   func ,l         * 
  _peripheral_modules_enable
                                  ffc03a39         5   func ,l         * 
  _bsp_adc_initial_configure
                                  ffc03a3e        6c   func ,l         * 
  _bsp_bsc_initial_configure
                                  ffc03aaa        42   func ,l         * 
FILE=.\src\smc_gen\r_bsp\mcu\all\lowlvl.obj
                                  ffc03aec  ffc03b25        3a
  _charput
                                  ffc03aec        1d   func ,g         * 
  _charget
                                  ffc03b09        1d   func ,g         * 
FILE=.\src\smc_gen\r_bsp\mcu\all\lowsrc.obj
                                  ffc03b26  ffc03e0b       2e6
  _init_iolib
                                  ffc03b26        e8   func ,g         * 
  _close_all
                                  ffc03c0e        3e   func ,g         * 
  _open
                                  ffc03c4c        a7   func ,g         * 
  _close
                                  ffc03cf3         b   func ,g         * 
  _write
                                  ffc03cfe        8c   func ,g         * 
  _read
                                  ffc03d8a        71   func ,g         * 
  _lseek
                                  ffc03dfb        11   func ,g         * 
FILE=.\src\smc_gen\r_bsp\mcu\all\r_bsp_common.obj
                                  ffc03e0c  ffc03f3a       12f
  _R_BSP_GetVersion
                                  ffc03e0c         e   func ,g         * 
  _R_BSP_GetIClkFreqHz
                                  ffc03e1a         a   func ,g         * 
  _R_BSP_SoftwareDelay
                                  ffc03e24       117   func ,g         * 
FILE=.\src\smc_gen\r_bsp\mcu\all\r_bsp_cpu.obj
                                  ffc03f3b  ffc0414f       215
  _R_BSP_InterruptsDisable
                                  ffc03f3b        17   func ,g         * 
  _R_BSP_InterruptsEnable
                                  ffc03f52        17   func ,g         * 
  _R_BSP_CpuInterruptLevelRead
                                  ffc03f69        1d   func ,g         * 
  _R_BSP_CpuInterruptLevelWrite
                                  ffc03f86        84   func ,g         * 
  _R_BSP_RegisterProtectEnable
                                  ffc0400a        84   func ,g         * 
  _R_BSP_RegisterProtectDisable
                                  ffc0408e        6c   func ,g         * 
  _R_BSP_SoftwareReset
                                  ffc040fa        11   func ,g         * 
  _bsp_register_protect_open
                                  ffc0410b        22   func ,g         * 
  _bsp_ram_initialize
                                  ffc0412d        23   func ,g         * 
FILE=.\src\smc_gen\r_bsp\mcu\all\r_bsp_interrupts.obj
                                  ffc04150  ffc04b6d       a1e
  _R_BSP_InterruptRequestEnable
                                  ffc04150        21   func ,g         * 
  _R_BSP_InterruptRequestDisable
                                  ffc04171        21   func ,g         * 
  _bsp_interrupt_open
                                  ffc04192        2b   func ,g         * 
  _R_BSP_InterruptWrite
                                  ffc041bd        77   func ,g         * 
  _R_BSP_InterruptRead
                                  ffc04234        51   func ,g         * 
  _R_BSP_InterruptControl
                                  ffc04285        ea   func ,g         * 
  _bsp_fit_interrupts_control
                                  ffc0436f        77   func ,l         * 
  _bsp_gr_int_enable_disable
                                  ffc043e6       425   func ,l         * 
  _excep_supervisor_inst_isr
                                  ffc0480b        17   func ,g         * 
  _excep_access_isr
                                  ffc04822        17   func ,g         * 
  _excep_undefined_inst_isr
                                  ffc04839        17   func ,g         * 
  _excep_floating_point_isr
                                  ffc04850        29   func ,g         * 
  _excep_address_isr
                                  ffc04879        17   func ,g         * 
  _non_maskable_isr
                                  ffc04890       2a9   func ,g         * 
  _undefined_interrupt_source_isr
                                  ffc04b39        17   func ,g         * 
  _bus_error_isr
                                  ffc04b50        1e   func ,g         * 
FILE=.\src\smc_gen\r_bsp\mcu\all\r_bsp_locking.obj
                                  ffc04b6e  ffc04bd2        65
  _R_BSP_SoftwareLock
                                  ffc04b6e        27   func ,g         * 
  _R_BSP_SoftwareUnlock
                                  ffc04b95         e   func ,g         * 
  _R_BSP_HardwareLock
                                  ffc04ba3        18   func ,g         * 
  _R_BSP_HardwareUnlock
                                  ffc04bbb        18   func ,g         * 
FILE=.\src\smc_gen\r_bsp\mcu\all\r_rx_intrinsic_functions.obj
                                  ffc04bd3  ffc04cf4       122
  _R_BSP_ChangeToUserMode
                                  ffc04bd3        20   func ,g         * 
  _R_BSP_SetBPSW
                                  ffc04bf3         4   func ,g         * 
  _R_BSP_GetBPSW
                                  ffc04bf7        13   func ,g         * 
  _R_BSP_SetBPC
                                  ffc04c0a         4   func ,g         * 
  _R_BSP_GetBPC
                                  ffc04c0e        13   func ,g         * 
  _R_BSP_SetEXTB
                                  ffc04c21         4   func ,g         * 
  _R_BSP_GetEXTB
                                  ffc04c25        13   func ,g         * 
  _R_BSP_MoveToAccHiLong
                                  ffc04c38         4   func ,g         * 
  _R_BSP_MoveToAccLoLong
                                  ffc04c3c         4   func ,g         * 
  _R_BSP_MoveFromAccHiLong
                                  ffc04c40        13   func ,g         * 
  _R_BSP_MoveFromAccMiLong
                                  ffc04c53        13   func ,g         * 
  _R_BSP_BitSet
                                  ffc04c66         4   func ,g         * 
  _R_BSP_BitClear
                                  ffc04c6a         4   func ,g         * 
  _R_BSP_BitReverse
                                  ffc04c6e         4   func ,g         * 
  _R_BSP_SetDPSW
                                  ffc04c72         5   func ,g         * 
  _R_BSP_GetDPSW
                                  ffc04c77        14   func ,g         * 
  _R_BSP_SetDECNT
                                  ffc04c8b         5   func ,g         * 
  _R_BSP_GetDECNT
                                  ffc04c90        14   func ,g         * 
  _R_BSP_GetDEPC
                                  ffc04ca4        14   func ,g         * 
  _R_BSP_InitTFU
                                  ffc04cb8        10   func ,g         * 
  _R_BSP_CalcSine_Cosine
                                  ffc04cc8        11   func ,g         * 
  _R_BSP_CalcAtan_SquareRoot
                                  ffc04cd9        1c   func ,g         * 
FILE=.\src\smc_gen\r_bsp\mcu\all\sbrk.obj
                                  ffc04cf5  ffc04d30        3c
  _sbrk
                                  ffc04cf5        3c   func ,g         * 
FILE=.\src\smc_gen\r_bsp\mcu\rx72m\mcu_clocks.obj
                                  ffc04d31  ffc05237       507
  _get_iclk_freq_hz
                                  ffc04d31        dd   func ,g         * 
  _mcu_clock_setup
                                  ffc04e0e         4   func ,g         * 
  _operating_frequency_set
                                  ffc04e12        ec   func ,l         * 
  _clock_source_select
                                  ffc04efe       33a   func ,l         * 
FILE=.\src\smc_gen\r_bsp\mcu\rx72m\mcu_init.obj
                                  ffc05238  ffc052f4        bd
  _bsp_non_existent_port_init
                                  ffc05238        bd   func ,g         * 
FILE=.\src\smc_gen\r_bsp\mcu\rx72m\mcu_interrupts.obj
                                  ffc052f5  ffc05f73       c7f
  _bsp_interrupt_enable_disable
                                  ffc052f5       143   func ,g         * 
  _group_bl0_handler_isr
                                  ffc05438       351   func ,l         * 
  _group_bl1_handler_isr
                                  ffc05789       2ba   func ,l         * 
  _group_bl2_handler_isr
                                  ffc05a43       146   func ,l         * 
  _group_al0_handler_isr
                                  ffc05b89       1ff   func ,l         * 
  _group_al1_handler_isr
                                  ffc05d88       126   func ,l         * 
  _group_ie0_handler_isr
                                  ffc05eae        39   func ,l         * 
  _group_be0_handler_isr
                                  ffc05ee7        8d   func ,l         * 
FILE=.\src\smc_gen\r_bsp\mcu\rx72m\mcu_mapped_interrupts.obj
                                  ffc05f74  ffc063f3       480
  _bsp_mapped_interrupt_open
                                  ffc05f74       480   func ,g         * 
FILE=.\src\smc_gen\r_cmt_rx\src\r_cmt_rx.obj
                                  ffc063f4  ffc06e73       a80
  _R_CMT_CreatePeriodic
                                  ffc063f4        1a   func ,g         * 
  _R_CMT_CreatePeriodicAssignChannelPriority
                                  ffc0640e        24   func ,g         * 
  _R_CMT_CreateOneShot
                                  ffc06432        22   func ,g         * 
  _R_CMT_CreateOneShotAssignChannelPriority
                                  ffc06454        2c   func ,g         * 
  _R_CMT_Stop
                                  ffc06480        37   func ,g         * 
  _R_CMT_Control
                                  ffc064b7       2e4   func ,g         * 
  _cmt_create
                                  ffc0679b        74   func ,l         * 
  _cmt_create_priority
                                  ffc0680f        a0   func ,l         * 
  _cmt_lock_state
                                  ffc068af        12   func ,l         * 
  _cmt_unlock_state
                                  ffc068c1         7   func ,l         * 
  _cmt_find_channel
                                  ffc068c8        37   func ,l         * 
  _power_on
                                  ffc068ff        a4   func ,l         * 
  _power_off
                                  ffc069a3        d7   func ,l         * 
  _cmt_counter_start
                                  ffc06a7a        f2   func ,l         * 
  _cmt_counter_start_priority
                                  ffc06b6c       102   func ,l         * 
  _cmt_counter_stop
                                  ffc06c6e        d3   func ,l         * 
  _cmt_setup_channel
                                  ffc06d41        92   func ,l         * 
  _R_CMT_GetVersion
                                  ffc06dd3         e   func ,g         * 
  _cmt_isr_common
                                  ffc06de1        57   func ,l         * 
  _cmt0_isr
                                  ffc06e38         f   func ,l         * 
  _cmt1_isr
                                  ffc06e47         f   func ,l         * 
  _cmt2_isr
                                  ffc06e56         f   func ,l         * 
  _cmt3_isr
                                  ffc06e65         f   func ,l         * 
FILE=.\src\smc_gen\r_ether_rx\src\phy\phy.obj
                                  ffc06e74  ffc073be       54b
  _phy_init
                                  ffc06e74        79   func ,g         * 
  _phy_start_autonegotiate
                                  ffc06eed        53   func ,g         * 
  _phy_set_autonegotiate
                                  ffc06f40        e7   func ,g         * 
  _phy_get_link_status
                                  ffc07027        2d   func ,g         * 
  _phy_read
                                  ffc07054        2e   func ,g         * 
  _phy_write
                                  ffc07082        29   func ,g         * 
  _phy_preamble
                                  ffc070ab        1c   func ,l         * 
  _phy_reg_set
                                  ffc070c7        82   func ,l         * 
  _phy_reg_read
                                  ffc07149        a3   func ,l         * 
  _phy_reg_write
                                  ffc071ec        2d   func ,l         * 
  _phy_trans_zto0
                                  ffc07219        6d   func ,l         * 
  _phy_trans_1to0
                                  ffc07286         e   func ,l         * 
  _phy_mii_write1
                                  ffc07294        6d   func ,l         * 
  _phy_mii_write0
                                  ffc07301        6d   func ,l         * 
  _phy_get_pir_address
                                  ffc0736e        51   func ,l         * 
FILE=.\src\smc_gen\r_ether_rx\src\r_ether_rx.obj
                                  ffc073bf  ffc08b25      1767
  _R_ETHER_Initial
                                  ffc073bf        a7   func ,g         * 
  _R_ETHER_Open_ZC2
                                  ffc07466       1bb   func ,g         * 
  _R_ETHER_Close_ZC2
                                  ffc07621        91   func ,g         * 
  _R_ETHER_Read_ZC2
                                  ffc076b2       12e   func ,g         * 
  _R_ETHER_Read_ZC2_BufRelease
                                  ffc077e0       108   func ,g         * 
  _R_ETHER_Write_ZC2_GetBuf
                                  ffc078e8        ba   func ,g         * 
  _R_ETHER_Write_ZC2_SetBuf
                                  ffc079a2        e6   func ,g         * 
  _R_ETHER_CheckLink_ZC
                                  ffc07a88        29   func ,g         * 
  _R_ETHER_LinkProcess
                                  ffc07ab1       224   func ,g         * 
  _R_ETHER_WakeOnLAN
                                  ffc07cd5        91   func ,g         * 
  _R_ETHER_Read
                                  ffc07d66        65   func ,g         * 
  _R_ETHER_Write
                                  ffc07dcb        9a   func ,g         * 
  _R_ETHER_CheckWrite
                                  ffc07e65        4f   func ,g         * 
  _R_ETHER_Control
                                  ffc07eb4        8a   func ,g         * 
  _R_ETHER_WritePHY
                                  ffc07f3e        27   func ,g         * 
  _R_ETHER_ReadPHY
                                  ffc07f65        2c   func ,g         * 
  _R_ETHER_GetVersion
                                  ffc07f91         e   func ,g         * 
  _ether_reset_mac
                                  ffc07f9f        34   func ,l         * 
  _ether_init_descriptors
                                  ffc07fd3       139   func ,l         * 
  _ether_config_ethernet
                                  ffc0810c       11e   func ,l         * 
  _ether_pause_resolution
                                  ffc0822a        68   func ,l         * 
  _ether_configure_mac
                                  ffc08292        7e   func ,l         * 
  _ether_do_link
                                  ffc08310       1c5   func ,l         * 
  _ether_set_callback
                                  ffc084d5        38   func ,l         * 
  _ether_set_promiscuous_mode
                                  ffc0850d        35   func ,l         * 
  _ether_set_int_handler
                                  ffc08542        29   func ,l         * 
  _ether_power_on
                                  ffc0856b        51   func ,l         * 
  _ether_power_off
                                  ffc085bc        24   func ,l         * 
  _power_on
                                  ffc085e0        85   func ,l         * 
  _power_off
                                  ffc08665        5e   func ,l         * 
  _ether_set_multicastframe_filter
                                  ffc086c3        af   func ,l         * 
  _ether_set_broadcastframe_filter
                                  ffc08772        8d   func ,l         * 
  _power_on_control
                                  ffc087ff        ab   func ,l         * 
  _power_off_control
                                  ffc088aa        82   func ,l         * 
  _check_mpde_bit
                                  ffc0892c        9c   func ,l         * 
  _ether_eint0
                                  ffc089c8         e   func ,l         * 
  _ether_eint1
                                  ffc089d6         e   func ,l         * 
  _ether_int_common
                                  ffc089e4        df   func ,l         * 
  _ether_receive_data_padding
                                  ffc08ac3        63   func ,l         * 
FILE=.\src\smc_gen\r_ether_rx\src\targets\rx72m\r_ether_setting_rx72m.obj
                                  ffc08b26  ffc08bff        da
  _ether_enable_icu
                                  ffc08b26        5a   func ,g         * 
  _ether_disable_icu
                                  ffc08b80        5c   func ,g         * 
  _ether_set_phy_mode
                                  ffc08bdc        24   func ,g         * 
FILE=.\src\smc_gen\r_lwip_driver_rx\src\arch\sys_arch.obj
                                  ffc08c00  ffc08c2c        2d
  _sys_arch_protect
                                  ffc08c00        1e   func ,g         * 
  _sys_arch_unprotect
                                  ffc08c1e         f   func ,g         * 
FILE=.\src\smc_gen\r_lwip_driver_rx\src\r_lwip_driver_rx_api.obj
                                  ffc08c2d  ffc09159       52d
  _sys_now
                                  ffc08c2d         e   func ,g         * 
  _R_LWIP_DRIVER_Open
                                  ffc08c3b        c8   func ,g         * 
  _R_LWIP_DRIVER_Close
                                  ffc08d03        3a   func ,g         * 
  _R_LWIP_DRIVER_EthernetClose
                                  ffc08d3d        b6   func ,g         * 
  _R_LWIP_DRIVER_EthernetLinkCheck
                                  ffc08df3        e8   func ,g         * 
  _r_lwip_driver_ethernetif_init
                                  ffc08edb        72   func ,g         * 
  _R_LWIP_DRIVER_Input
                                  ffc08f4d        6f   func ,g         * 
  _r_lwip_driver_low_level_output
                                  ffc08fbc       18d   func ,g         * 
  _r_lwip_driver_get_rand
                                  ffc09149        11   func ,g         * 
FILE=.\src\smc_gen\r_lwip_driver_rx\src\r_lwip_driver_rx_internal.obj
                                  ffc0915a  ffc09521       3c8
  _r_lwip_driver_timer_callback
                                  ffc0915a        19   func ,g         * 
  _r_lwip_driver_get_linkstatus
                                  ffc09173        49   func ,g         * 
  _r_lwip_driver_get_linkchange
                                  ffc091bc        7b   func ,g         * 
  _r_lwip_driver_low_level_init
                                  ffc09237       115   func ,g         * 
  _r_lwip_driver_low_level_input
                                  ffc0934c        db   func ,g         * 
  _r_lwip_driver_rx_ether_cb
                                  ffc09427        72   func ,g         * 
  _r_lwip_driver_rx_ether_int_cb
                                  ffc09499        5f   func ,g         * 
  _r_lwip_driver_Xorshift
                                  ffc094f8        2a   func ,g         * 
FILE=.\src\smc_gen\r_lwip_rx\src\core\def.obj
                                  ffc09522  ffc09855       334
  _lwip_htons
                                  ffc09522        13   func ,g         * 
  _lwip_htonl
                                  ffc09535        1d   func ,g         * 
  _lwip_strnstr
                                  ffc09552        8b   func ,g         * 
  _lwip_strnistr
                                  ffc095dd        6c   func ,g         * 
  _lwip_stricmp
                                  ffc09649        69   func ,g         * 
  _lwip_strnicmp
                                  ffc096b2        84   func ,g         * 
  _lwip_itoa
                                  ffc09736        df   func ,g         * 
  _lwip_memcmp_consttime
                                  ffc09815        41   func ,g         * 
FILE=.\src\smc_gen\r_lwip_rx\src\core\inet_chksum.obj
                                  ffc09856  ffc09c6a       415
  _lwip_standard_chksum
                                  ffc09856        a8   func ,g         * 
  _inet_cksum_pseudo_base
                                  ffc098fe        ab   func ,l         * 
  _inet_chksum_pseudo
                                  ffc099a9        5b   func ,g         * 
  _ip_chksum_pseudo
                                  ffc09a04        26   func ,g         * 
  _inet_cksum_pseudo_partial_base
                                  ffc09a2a       11a   func ,l         * 
  _inet_chksum_pseudo_partial
                                  ffc09b44        67   func ,g         * 
  _ip_chksum_pseudo_partial
                                  ffc09bab        2f   func ,g         * 
  _inet_chksum
                                  ffc09bda        15   func ,g         * 
  _inet_chksum_pbuf
                                  ffc09bef        7c   func ,g         * 
FILE=.\src\smc_gen\r_lwip_rx\src\core\init.obj
                                  ffc09c6b  ffc09cbf        55
  _lwip_init
                                  ffc09c6b        55   func ,g         * 
FILE=.\src\smc_gen\r_lwip_rx\src\core\ipv4\etharp.obj
                                  ffc09cc0  ffc0ae54      1195
  _etharp_free_entry
                                  ffc09cc0        4a   func ,l         * 
  _etharp_tmr
                                  ffc09d0a        eb   func ,g         * 
  _etharp_find_entry
                                  ffc09df5       34d   func ,l         * 
  _etharp_update_arp_entry
                                  ffc0a142       150   func ,l         * 
  _etharp_cleanup_netif
                                  ffc0a292        54   func ,g         * 
  _etharp_find_addr
                                  ffc0a2e6        bb   func ,g         * 
  _etharp_get_entry
                                  ffc0a3a1       121   func ,g         * 
  _etharp_input
                                  ffc0a4c2       113   func ,g         * 
  _etharp_output_to_arp_index
                                  ffc0a5d5       10d   func ,l         * 
  _etharp_output
                                  ffc0a6e2       28a   func ,g         * 
  _etharp_query
                                  ffc0a96c       339   func ,g         * 
  _etharp_raw
                                  ffc0aca5       162   func ,l         * 
  _etharp_request_dst
                                  ffc0ae07        35   func ,l         * 
  _etharp_request
                                  ffc0ae3c        19   func ,g         * 
FILE=.\src\smc_gen\r_lwip_rx\src\core\ipv4\icmp.obj
                                  ffc0ae55  ffc0b1a6       352
  _icmp_input
                                  ffc0ae55       23f   func ,g         * 
  _icmp_dest_unreach
                                  ffc0b094        11   func ,g         * 
  _icmp_time_exceeded
                                  ffc0b0a5        11   func ,g         * 
  _icmp_send_response
                                  ffc0b0b6        f1   func ,l         * 
FILE=.\src\smc_gen\r_lwip_rx\src\core\ipv4\igmp.obj
                                  ffc0b1a7  ffc0baa8       902
  _igmp_init
                                  ffc0b1a7        19   func ,g         * 
  _igmp_start
                                  ffc0b1c0        48   func ,g         * 
  _igmp_stop
                                  ffc0b208        42   func ,g         * 
  _igmp_report_groups
                                  ffc0b24a        26   func ,g         * 
  _igmp_lookfor_group
                                  ffc0b270        2f   func ,g         * 
  _igmp_lookup_group
                                  ffc0b29f       104   func ,l         * 
  _igmp_remove_group
                                  ffc0b3a3        39   func ,l         * 
  _igmp_input
                                  ffc0b3dc       13f   func ,g         * 
  _igmp_joingroup
                                  ffc0b51b        cc   func ,g         * 
  _igmp_joingroup_netif
                                  ffc0b5e7        d0   func ,g         * 
  _igmp_leavegroup
                                  ffc0b6b7        ca   func ,g         * 
  _igmp_leavegroup_netif
                                  ffc0b781        c7   func ,g         * 
  _igmp_tmr
                                  ffc0b848        49   func ,g         * 
  _igmp_timeout
                                  ffc0b891        46   func ,l         * 
  _igmp_start_timer
                                  ffc0b8d7        3b   func ,l         * 
  _igmp_delaying_member
                                  ffc0b912        5d   func ,l         * 
  _igmp_ip_output_if
                                  ffc0b96f        3f   func ,l         * 
  _igmp_send
                                  ffc0b9ae        fb   func ,l         * 
FILE=.\src\smc_gen\r_lwip_rx\src\core\ipv4\ip4.obj
                                  ffc0baa9  ffc0c3e5       93d
  _ip4_set_default_multicast_netif
                                  ffc0baa9         e   func ,g         * 
  _ip4_route
                                  ffc0bab7       186   func ,g         * 
  _ip4_input_accept
                                  ffc0bc3d        70   func ,l         * 
  _ip4_input
                                  ffc0bcad       31e   func ,g         * 
  _ip4_output_if
                                  ffc0bfcb        43   func ,g         * 
  _ip4_output_if_opt
                                  ffc0c00e        7b   func ,g         * 
  _ip4_output_if_src
                                  ffc0c089        43   func ,g         * 
  _ip4_output_if_opt_src
                                  ffc0c0cc       295   func ,g         * 
  _ip4_output
                                  ffc0c361        85   func ,g         * 
FILE=.\src\smc_gen\r_lwip_rx\src\core\ipv4\ip4_addr.obj
                                  ffc0c3e6  ffc0c863       47e
  _ip4_addr_isbroadcast_u32
                                  ffc0c3e6        7c   func ,g         * 
  _ip4_addr_netmask_valid
                                  ffc0c462        4f   func ,g         * 
  _ipaddr_addr
                                  ffc0c4b1        1b   func ,g         * 
  _ip4addr_aton
                                  ffc0c4cc       2b2   func ,g         * 
  _ip4addr_ntoa
                                  ffc0c77e        14   func ,g         * 
  _ip4addr_ntoa_r
                                  ffc0c792        d2   func ,g         * 
FILE=.\src\smc_gen\r_lwip_rx\src\core\ipv4\ip4_frag.obj
                                  ffc0c864  ffc0d658       df5
  _ip_reass_tmr
                                  ffc0c864        3f   func ,g         * 
  _ip_reass_free_complete_datagram
                                  ffc0c8a3       1d8   func ,l         * 
  _ip_reass_remove_oldest_datagram
                                  ffc0ca7b        ec   func ,l         * 
  _ip_reass_enqueue_new_datagram
                                  ffc0cb67        74   func ,l         * 
  _ip_reass_dequeue_datagram
                                  ffc0cbdb        69   func ,l         * 
  _ip_reass_chain_frag_into_datagram_and_validate
                                  ffc0cc44       32d   func ,l         * 
  _ip4_reass
                                  ffc0cf71       360   func ,g         * 
  _ip_frag_alloc_pbuf_custom_ref
                                  ffc0d2d1         c   func ,l         * 
  _ip_frag_free_pbuf_custom_ref
                                  ffc0d2dd        45   func ,l         * 
  _ipfrag_free_pbuf_custom
                                  ffc0d322        90   func ,l         * 
  _ip4_frag
                                  ffc0d3b2       2a7   func ,g         * 
FILE=.\src\smc_gen\r_lwip_rx\src\core\mem.obj
                                  ffc0d659  ffc0e017       9bf
  _ptr_to_mem
                                  ffc0d659        14   func ,l         * 
  _mem_to_ptr
                                  ffc0d66d        13   func ,l         * 
  _plug_holes
                                  ffc0d680       1d5   func ,l         * 
  _mem_init
                                  ffc0d855        70   func ,g         * 
  _mem_link_valid
                                  ffc0d8c5        a4   func ,l         * 
  _mem_free
                                  ffc0d969       126   func ,g         * 
  _mem_trim
                                  ffc0da8f       28b   func ,g         * 
  _mem_malloc
                                  ffc0dd1a       2c6   func ,g         * 
  _mem_calloc
                                  ffc0dfe0        38   func ,g         * 
FILE=.\src\smc_gen\r_lwip_rx\src\core\memp.obj
                                  ffc0e018  ffc0e24c       235
  _memp_init_pool
                                  ffc0e018        42   func ,g         * 
  _memp_init
                                  ffc0e05a        23   func ,g         * 
  _do_memp_malloc_pool
                                  ffc0e07d        62   func ,l         * 
  _memp_malloc_pool
                                  ffc0e0df        52   func ,g         * 
  _memp_malloc
                                  ffc0e131        34   func ,g         * 
  _do_memp_free_pool
                                  ffc0e165        55   func ,l         * 
  _memp_free_pool
                                  ffc0e1ba        60   func ,g         * 
  _memp_free
                                  ffc0e21a        33   func ,g         * 
FILE=.\src\smc_gen\r_lwip_rx\src\core\netif.obj
                                  ffc0e24d  ffc0eac0       874
  _netif_init
                                  ffc0e24d         1   func ,g         * 
  _netif_input
                                  ffc0e24e        96   func ,g         * 
  _netif_add_noaddr
                                  ffc0e2e4        28   func ,g         * 
  _netif_add
                                  ffc0e30c       1dd   func ,g         * 
  _netif_do_ip_addr_changed
                                  ffc0e4e9        16   func ,l         * 
  _netif_do_set_ipaddr
                                  ffc0e4ff        c2   func ,l         * 
  _netif_set_ipaddr
                                  ffc0e5c1        34   func ,g         * 
  _netif_do_set_netmask
                                  ffc0e5f5        35   func ,l         * 
  _netif_set_netmask
                                  ffc0e62a        36   func ,g         * 
  _netif_do_set_gw
                                  ffc0e660        35   func ,l         * 
  _netif_set_gw
                                  ffc0e695        36   func ,g         * 
  _netif_set_addr
                                  ffc0e6cb        8f   func ,g         * 
  _netif_remove
                                  ffc0e75a        9a   func ,g         * 
  _netif_set_default
                                  ffc0e7f4         e   func ,g         * 
  _netif_set_up
                                  ffc0e802        37   func ,g         * 
  _netif_issue_reports
                                  ffc0e839        b5   func ,l         * 
  _netif_set_down
                                  ffc0e8ee        30   func ,g         * 
  _netif_set_link_up
                                  ffc0e91e        37   func ,g         * 
  _netif_set_link_down
                                  ffc0e955        23   func ,g         * 
  _netif_null_output_ip4
                                  ffc0e978        12   func ,l         * 
  _netif_name_to_index
                                  ffc0e98a        25   func ,g         * 
  _netif_index_to_name
[...]
  _tcp_recv_null
                                  ffc115ec        50   func ,g         * 
  _tcp_kill_prio
                                  ffc1163c        a7   func ,l         * 
  _tcp_kill_state
                                  ffc116e3        ac   func ,l         * 
  _tcp_kill_timewait
                                  ffc1178f        54   func ,l         * 
  _tcp_handle_closepend
                                  ffc117e3        35   func ,l         * 
  _tcp_alloc
                                  ffc11818        dc   func ,g         * 
  _tcp_new
                                  ffc118f4         c   func ,g         * 
  _tcp_new_ip_type
                                  ffc11900        12   func ,g         * 
  _tcp_arg
                                  ffc11912        15   func ,g         * 
  _tcp_recv
                                  ffc11927        52   func ,g         * 
  _tcp_sent
                                  ffc11979        52   func ,g         * 
  _tcp_err
                                  ffc119cb        52   func ,g         * 
  _tcp_accept
                                  ffc11a1d        2f   func ,g         * 
  _tcp_poll
                                  ffc11a4c        68   func ,g         * 
  _tcp_pcb_purge
                                  ffc11ab4        80   func ,g         * 
  _tcp_pcb_remove
                                  ffc11b34       17b   func ,g         * 
  _tcp_next_iss
                                  ffc11caf        5a   func ,g         * 
  _tcp_eff_send_mss_netif
                                  ffc11d09        97   func ,g         * 
  _tcp_netif_ip_addr_changed_pcblist
                                  ffc11da0        67   func ,l         * 
  _tcp_netif_ip_addr_changed
                                  ffc11e07        94   func ,g         * 
  _tcp_debug_state_str
                                  ffc11e9b        11   func ,g         * 
  _tcp_tcp_get_tcp_addrinfo
                                  ffc11eac        5e   func ,g         * 
FILE=.\src\smc_gen\r_lwip_rx\src\core\tcp_in.obj
                                  ffc11f0a  ffc14085      217c
  _tcp_input
                                  ffc11f0a       995   func ,g         * 
  _tcp_input_delayed_close
                                  ffc1289f        8e   func ,l         * 
  _tcp_listen_input
                                  ffc1292d       1d4   func ,l         * 
  _tcp_timewait_input
                                  ffc12b01       113   func ,l         * 
  _tcp_process
                                  ffc12c14       87e   func ,l         * 
  _tcp_free_acked_segments
                                  ffc13492       133   func ,l         * 
  _tcp_receive
                                  ffc135c5       945   func ,l         * 
  _tcp_get_next_optbyte
                                  ffc13f0a        74   func ,l         * 
  _tcp_parseopt
                                  ffc13f7e        ff   func ,l         * 
  _tcp_trigger_input_pcb_close
                                  ffc1407d         9   func ,g         * 
FILE=.\src\smc_gen\r_lwip_rx\src\core\tcp_out.obj
                                  ffc14086  ffc1639c      2317
  _tcp_route
                                  ffc14086        3c   func ,l         * 
  _tcp_create_segment
                                  ffc140c2       17b   func ,l         * 
  _tcp_pbuf_prealloc
                                  ffc1423d       196   func ,l         * 
  _tcp_write_checks
                                  ffc143d3       16f   func ,l         * 
  _tcp_write
                                  ffc14542       7c5   func ,g         * 
  _tcp_split_unsent_seg
                                  ffc14d07       2ab   func ,g         * 
  _tcp_send_fin
                                  ffc14fb2        94   func ,g         * 
  _tcp_enqueue_flags
                                  ffc15046       261   func ,g         * 
  _tcp_output
                                  ffc152a7       43d   func ,g         * 
  _tcp_output_segment_busy
                                  ffc156e4        52   func ,l         * 
  _tcp_output_segment
                                  ffc15736       21f   func ,l         * 
  _tcp_rexmit_rto_prepare
                                  ffc15955        cf   func ,g         * 
  _tcp_rexmit_rto_commit
                                  ffc15a24        56   func ,g         * 
  _tcp_rexmit_rto
                                  ffc15a7a        4c   func ,g         * 
  _tcp_rexmit
                                  ffc15ac6        e3   func ,g         * 
  _tcp_rexmit_fast
                                  ffc15ba9        bf   func ,g         * 
  _tcp_output_alloc_header_common
                                  ffc15c68        dd   func ,l         * 
  _tcp_output_alloc_header
                                  ffc15d45        7b   func ,l         * 
  _tcp_output_fill_options
                                  ffc15dc0        b0   func ,l         * 
  _tcp_output_control_segment
                                  ffc15e70        7d   func ,l         * 
  _tcp_output_control_segment_netif
                                  ffc15eed        ae   func ,l         * 
  _tcp_rst_common
                                  ffc15f9b        dd   func ,l         * 
  _tcp_rst
                                  ffc16078        4a   func ,g         * 
  _tcp_rst_netif
                                  ffc160c2        56   func ,g         * 
  _tcp_send_empty_ack
                                  ffc16118        c2   func ,g         * 
  _tcp_keepalive
                                  ffc161da        8c   func ,g         * 
  _tcp_zero_window_probe
                                  ffc16266       137   func ,g         * 
FILE=.\src\smc_gen\r_lwip_rx\src\core\timeouts.obj
                                  ffc1639d  ffc167e3       447
  _tcpip_tcp_timer
                                  ffc1639d        47   func ,l         * 
  _tcp_timer_needed
                                  ffc163e4        65   func ,g         * 
  _sys_timeout_abs
                                  ffc16449       104   func ,l         * 
  _lwip_cyclic_timer
                                  ffc1654d        5d   func ,l         * 
  _sys_timeouts_init
                                  ffc165aa        2c   func ,g         * 
  _sys_timeout
                                  ffc165d6        5c   func ,g         * 
  _sys_untimeout
                                  ffc16632        73   func ,g         * 
  _sys_check_timeouts
                                  ffc166a5        6a   func ,g         * 
  _sys_restart_timeouts
                                  ffc1670f        44   func ,g         * 
  _sys_timeouts_sleeptime
                                  ffc16753        91   func ,g         * 
FILE=.\src\smc_gen\r_lwip_rx\src\core\udp.obj
                                  ffc167e4  ffc1749e       cbb
  _udp_init
                                  ffc167e4        12   func ,g         * 
  _udp_new_port
                                  ffc167f6        6d   func ,l         * 
  _udp_input_local_match
                                  ffc16863       153   func ,l         * 
  _udp_input
                                  ffc169b6       2f5   func ,g         * 
  _udp_send
                                  ffc16cab        49   func ,g         * 
  _udp_sendto
                                  ffc16cf4        fe   func ,g         * 
  _udp_sendto_if
                                  ffc16df2        e5   func ,g         * 
  _udp_sendto_if_src
                                  ffc16ed7       21a   func ,g         * 
  _udp_bind
                                  ffc170f1       15d   func ,g         * 
  _udp_bind_netif
                                  ffc1724e        1c   func ,g         * 
  _udp_connect
                                  ffc1726a        b2   func ,g         * 
  _udp_disconnect
                                  ffc1731c        2c   func ,g         * 
  _udp_recv
                                  ffc17348        2b   func ,g         * 
  _udp_remove
                                  ffc17373        6e   func ,g         * 
  _udp_new
                                  ffc173e1        29   func ,g         * 
  _udp_new_ip_type
                                  ffc1740a         f   func ,g         * 
  _udp_netif_ip_addr_changed
                                  ffc17419        86   func ,g         * 
FILE=.\src\smc_gen\r_lwip_rx\src\netif\bridgeif_fdb.obj
                                  ffc1749f  ffc1778c       2ee
  _bridgeif_fdb_update_src
                                  ffc1749f       123   func ,g         * 
  _bridgeif_fdb_get_dst_ports
                                  ffc175c2        80   func ,g         * 
  _bridgeif_fdb_age_one_second
                                  ffc17642        72   func ,l         * 
  _bridgeif_age_tmr
                                  ffc176b4        54   func ,l         * 
  _bridgeif_fdb_init
                                  ffc17708        85   func ,g         * 
FILE=.\src\smc_gen\r_lwip_rx\src\netif\ethernet.obj
                                  ffc1778d  ffc1790c       180
  _ethernet_input
                                  ffc1778d        e9   func ,g         * 
  _ethernet_output
                                  ffc17876        97   func ,g         * 
FILE=.\src\smc_gen\r_pincfg\Pin.obj
                                  ffc1790d  ffc17be3       2d7
  _R_Pins_Create
                                  ffc1790d       2d7   func ,g         * 
FILE=.\src\smc_gen\r_pincfg\r_ether_rx_pinset.obj
                                  ffc17be4  ffc17e3b       258
  _R_ETHER_PinSet_ETHERC0_MII
                                  ffc17be4       13c   func ,g         * 
  _R_ETHER_PinSet_ETHERC1_MII
                                  ffc17d20       11c   func ,g         * 
FILE=freopen
                                  ffc17e3c  ffc17e68        2d
  _freopen
                                  ffc17e3c        2d   func ,g         * 
FILE=fclose
                                  ffc17e69  ffc17ebc        54
  _fclose
                                  ffc17e69        54   func ,g         * 
FILE=printf
                                  ffc17ebd  ffc17ef6        3a
  _prout
                                  ffc17ebd        1d   func ,l         * 
  _printf
                                  ffc17eda        1d   func ,g         * 
FILE=sprintf
                                  ffc17ef7  ffc17f28        32
  _prout
                                  ffc17ef7         a   func ,l         * 
  _sprintf
                                  ffc17f01        28   func ,g         * 
FILE=atoi
                                  ffc17f29  ffc17f30         8
  _atoi
                                  ffc17f29         8   func ,g         * 
FILE=rand
                                  ffc17f31  ffc17f4b        1b
  _rand
                                  ffc17f31        1b   func ,g         * 
FILE=srand
                                  ffc17f4c  ffc17f54         9
  _srand
                                  ffc17f4c         9   func ,g         * 
FILE=memcmp
                                  ffc17f55  ffc17f79        25
  _memcmp
                                  ffc17f55        25   func ,g         * 
FILE=xctype
                                  ffc17f7a  ffc17f8f        16
  __Getpctype
                                  ffc17f7a        16   func ,g         * 
FILE=__COM_DIV64u
                                  ffc17f90  ffc18028        99
  __COM_DIV64u
                                  ffc17f90         0   none ,g         * 
  _Loop_Init
                                  ffc17f9a         0   none ,l         * 
  _Loop
                                  ffc17fa2         0   none ,l         * 
  _DivStart
                                  ffc17fae         0   none ,l         * 
  _Success
                                  ffc17fbc         0   none ,l         * 
  _DivEnd
                                  ffc17fc8         0   none ,l         * 
  IXI6DIV
                                  ffc17fcd         0   none ,l         * 
  IXI4DIV
                                  ffc17fdf         0   none ,l         * 
  IXI2DIV
                                  ffc17fef         0   none ,l         * 
  I8I2DIV
                                  ffc17ff7         0   none ,l         * 
  I4I2DIV
                                  ffc18025         0   none ,l         * 
  _i8divU_End
                                  ffc18028         0   none ,l         * 
FILE=__initsct
                                  ffc18029  ffc18072        4a
  __INITSCT
                                  ffc18029         0   none ,g         * 
  loop1
                                  ffc1803b         0   none ,l         * 
  next_loop1
                                  ffc18049         0   none ,l         * 
  loop3
                                  ffc1805b         0   none ,l         * 
  next_loop3
                                  ffc1806c         0   none ,l         * 
FILE=fwrite
                                  ffc18073  ffc18148        d6
  _fwrite
                                  ffc18073        d6   func ,g         * 
FILE=fflush
                                  ffc18149  ffc181ca        82
  _fflush
                                  ffc18149        82   func ,g         * 
FILE=xfoprep
                                  ffc181cb  ffc1829c        d2
  __Foprep
                                  ffc181cb        d2   func ,g         * 
FILE=xfofind
                                  ffc1829d  ffc18329        8d
  __Fofind
                                  ffc1829d        44   func ,g         * 
  __Fofree
                                  ffc182e1        49   func ,g         * 
FILE=xprintf
                                  ffc1832a  ffc18579       250
  __Printf
                                  ffc1832a       250   func ,g         * 
FILE=strtol
                                  ffc1857a  ffc18728       1af
  _strtol
                                  ffc1857a       1af   func ,g         * 
FILE=free
                                  ffc18729  ffc187aa        82
  _free
                                  ffc18729        82   func ,g         * 
FILE=xfwprep
                                  ffc187ab  ffc18842        98
  __Fwprep
                                  ffc187ab        98   func ,g         * 
FILE=xputfld
                                  ffc18843  ffc18cb2       470
  __Putfld
                                  ffc18843       470   func ,g         * 
FILE=xfopen
                                  ffc18cb3  ffc18ce2        30
  __Fopen
                                  ffc18cb3        30   func ,g         * 
FILE=xvacopy
                                  ffc18ce3  ffc18ce5         3
  __Vacopy
                                  ffc18ce3         3   func ,g         * 
FILE=xputtxt
                                  ffc18ce6  ffc18f3d       258
  __Puttxt
                                  ffc18ce6       258   func ,g         * 
FILE=strchr
                                  ffc18f3e  ffc18f50        13
  _strchr
                                  ffc18f3e        13   func ,g         * 
FILE=_strchek
                                  ffc18f51  ffc18f6e        1e
  __strchek
                                  ffc18f51        1e   func ,g         * 
FILE=malloc
                                  ffc18f6f  ffc19049        db
  _findmem
                                  ffc18f6f        79   func ,l         * 
  _malloc
                                  ffc18fe8        62   func ,g         * 
FILE=xldtob
                                  ffc1904a  ffc1946f       426
  __Ldtob
                                  ffc1904a       426   func ,g         * 
FILE=xputstr
                                  ffc19470  ffc1954b        dc
  __Putstr
                                  ffc19470        dc   func ,g         * 
FILE=xlitob
                                  ffc1954c  ffc19655       10a
  __Litob
                                  ffc1954c       10a   func ,g         * 
FILE=xgetmem
                                  ffc19656  ffc19670        1b
  __Getmem
                                  ffc19656        1b   func ,g         * 
FILE=xgenld
                                  ffc19671  ffc198f9       289
  __Genld
                                  ffc19671       289   func ,g         * 
FILE=xwctomb
                                  ffc198fa  ffc19a3d       144
  __Wctombx
                                  ffc198fa       100   func ,g         * 
  __Wctomb
                                  ffc199fa        44   func ,g         * 
FILE=xstate
                                  ffc19a3e  ffc19a6f        32
  __Getmbcurmax
                                  ffc19a3e        16   func ,g         * 
  __Getpmbstate
                                  ffc19a54        1c   func ,g         * 
FILE=xldscale
                                  ffc19a70  ffc19a73         4
  __LDscale
                                  ffc19a70         4   func ,g         * 
FILE=xldunsca
                                  ffc19a74  ffc19a77         4
  __LDunscale
                                  ffc19a74         4   func ,g         * 
FILE=__COM_MOD64u
                                  ffc19a78  ffc19afe        87
  __COM_MOD64u
                                  ffc19a78         0   none ,g         * 
  _Loop_Init
                                  ffc19a82         0   none ,l         * 
  _Loop
                                  ffc19a86         0   none ,l         * 
  _DivStart
                                  ffc19a92         0   none ,l         * 
  _Success
                                  ffc19aa0         0   none ,l         * 
  _DivEnd
                                  ffc19aa8         0   none ,l         * 
  IXI6DIV
                                  ffc19aa9         0   none ,l         * 
  IXI4DIV
                                  ffc19abb         0   none ,l         * 
  IXI2DIV
                                  ffc19acb         0   none ,l         * 
  I8I2DIV
                                  ffc19ad3         0   none ,l         * 
  I4I2DIV
                                  ffc19af3         0   none ,l         * 
FILE=_div
                                  ffc19aff  ffc19b0a         c
  _ldiv
                                  ffc19aff         0   none ,g         * 
  _div
                                  ffc19aff         0   none ,g         * 
FILE=localeco
                                  ffc19b0b  ffc19b11         7
  _localeconv
                                  ffc19b0b         7   func ,g         * 
FILE=xwcstate
                                  ffc19b12  ffc19b2d        1c
  __Getpwcstate
                                  ffc19b12        1c   func ,g         * 
FILE=xdscale
                                  ffc19b2e  ffc19cb1       184
  __Dscale
                                  ffc19b2e       184   func ,g         * 
FILE=xdunscal
                                  ffc19cb2  ffc19d15        64
  __Dunscale
                                  ffc19cb2        64   func ,g         * 
FILE=xdnorm
                                  ffc19d16  ffc19dc5        b0
  __Dnorm
                                  ffc19d16        b0   func ,g         * 

SECTION=EXCEPTVECT
FILE=.\src\smc_gen\r_bsp\mcu\rx72m\vecttbl.obj
                                  ffffff80  fffffffb        7c
  _Except_Vectors
                                  ffffff80        7c   data ,g         * 

SECTION=RESETVECT
FILE=.\src\smc_gen\r_bsp\mcu\rx72m\vecttbl.obj
                                  fffffffc  ffffffff         4
  _Reset_Vector
                                  fffffffc         4   data ,g         * 

*** Unfilled Areas ***

AREA                                START    END

*** Delete Symbols ***

SYMBOL                                SIZE    INFO
